  4014E8     3733 Code                ABERROR_TEXT
  404C1C      24E Code                ABFILE_TEXT
  404E6C      28E Code                ABFUZZY_TEXT
  4050FC       E3 Code                ABRESIZE_TEXT
  4051E0      263 Code                ABTOOLBA_TEXT
  405444     21F9 Code                ABUTIL_TEXT
  407640     2591 Code                ABWINDOW_TEXT
  409BD4      1AF Code                CWSYNCHC_TEXT
  409D84      BF8 Code                EFOCUS_TEXT
  40A97C       23 Code                IEXE32_TEXT
  40A9A0      496 Code                INIT_TEXT
  40AE38       37 Code                INST00_TEXT
  40AE70     870D Code                RESIZEANDSPLIT_TEXT
  413580      E50 Code                SDKODSMESSAGEPUMP_TEXT
  4143D0    1856A Code                STRINGTHEORY_TEXT
  42C93C     1728 Code                UDOVERVIEW001_TEXT
  42E064     B35E Code                UDOVERVIEW002_TEXT
  4393C4      6A6 Code                UDOVERVIEW003_TEXT
  439A6C       46 Code                UDOVERVIEW_BC0_TEXT
  439AB4       3C Code                UDOVERVIEW_BC_TEXT
  439AF0      233 Code                UDOVERVIEW_TEXT
  439D24     273C Code                ULTIMATEDEBUG_TEXT
  43D000     1290 Initialized Data    $DEFAULTERRORS_DATA
  43E290       23 Initialized Data    ABEIP_CONST
  43E2B4       3C Initialized Data    ABEIP_DATA
  43E2F0      2A7 Initialized Data    ABERROR_CONST
  43E598      AA4 Initialized Data    ABERROR_DATA
  43F03C        9 Initialized Data    ABFILE_CONST
  43F048      147 Initialized Data    ABFILE_DATA
  43F190        5 Initialized Data    ABFUZZY_CONST
  43F198       B4 Initialized Data    ABFUZZY_DATA
  43F24C        5 Initialized Data    ABPOPUP_CONST
  43F254        D Initialized Data    ABTOOLBA_CONST
  43F264       4C Initialized Data    ABTOOLBA_DATA
  43F2B0       D9 Initialized Data    ABUTIL_CONST
  43F38C      183 Initialized Data    ABUTIL_DATA
  43F510       14 Initialized Data    ABWINDOW_CONST
  43F524       3F Initialized Data    ABWINDOW_DATA
  43F564       48 Initialized Data    CWSYNCHC_DATA
  43F5AC        1 Initialized Data    EFOCUS_CONST
  43F5B0       87 Initialized Data    EFOCUS_DATA
  43F638       44 Initialized Data    IEXE32_DATA
  43F67C       91 Initialized Data    RESIZEANDSPLIT_CONST
  43F710      6B8 Initialized Data    RESIZEANDSPLIT_DATA
  43FDC8      138 Initialized Data    SDKODSMESSAGEPUMP_CONST
  43FF00      275 Initialized Data    SDKODSMESSAGEPUMP_DATA
  440178     13F6 Initialized Data    STRINGTHEORY_CONST
  441570      5B8 Initialized Data    STRINGTHEORY_DATA
  441B28       BE Initialized Data    UDOVERVIEW001_CONST
  441BE8      28C Initialized Data    UDOVERVIEW001_DATA
  441E74      3DD Initialized Data    UDOVERVIEW002_CONST
  442254     1644 Initialized Data    UDOVERVIEW002_DATA
  443898       69 Initialized Data    UDOVERVIEW003_CONST
  443904      28C Initialized Data    UDOVERVIEW003_DATA
  443B90       40 Initialized Data    UDOVERVIEW_CONST
  443BD0      31E Initialized Data    UDOVERVIEW_DATA
  443EF0      318 Initialized Data    ULTIMATEDEBUG_CONST
  444208      3B5 Initialized Data    ULTIMATEDEBUG_DATA
  4445C0        0 Initialized Data    __CPPINI_CONS
  4445C0      2A0 Initialized Data    __CPPINI_CONST
  444860        4 Initialized Data    __CPPINI_END
  444864        0 Initialized Data    __INIVMT_CONS
  444864       E8 Initialized Data    __INIVMT_CONST
  44494C        0 Initialized Data    __INIVMT_CONST_END
  444950     1623 Un-initialized Data $FUZZYMATCHER_BSS
  445F74       40 Un-initialized Data ABEIP_BSS
  445FB4      404 Un-initialized Data ABERROR_BSS
  4463B8       10 Un-initialized Data ABFILE_BSS
  4463C8        4 Un-initialized Data ABFUZZY_BSS
  4463CC      104 Un-initialized Data ABUTIL_BSS
  4464D0       24 Un-initialized Data STRINGTHEORY_BSS
  4464F4      374 Un-initialized Data UDOVERVIEW_BSS
  446868        0 Un-initialized Data ULTIMATEDEBUG_BSS
  447000        8 __T_L_S__DAT
  447008       FC __T_L_S__DATA
  447104        0 __T_L_S__DATA_END
  447110        0 __T_L_S__BS
  447110     1E48 __T_L_S__BSS
  448F58        0 __T_L_S__BSS_END

  401620 KILL_@_WINDOWCOMPONENT_@_HISTHANDLERCLASS@F15WINDOWCOMPONENT
  401640 RESET_@_WINDOWCOMPONENT_@_HISTHANDLERCLASS@F15WINDOWCOMPONENTUc
  401668 RESETREQUIRED_@_WINDOWCOMPONENT_@_HISTHANDLERCLASS@F15WINDOWCOMPONENT
  401688 SETALERTS_@_WINDOWCOMPONENT_@_HISTHANDLERCLASS@F15WINDOWCOMPONENT
  4016A8 TAKEEVENT_@_WINDOWCOMPONENT_@_HISTHANDLERCLASS@F15WINDOWCOMPONENT
  4016D4 UPDATE_@_WINDOWCOMPONENT_@_HISTHANDLERCLASS@F15WINDOWCOMPONENT
  4016F4 UPDATEWINDOW_@_WINDOWCOMPONENT_@_HISTHANDLERCLASS@F15WINDOWCOMPONENT
  401724 VLBPROC@F16HISTHANDLERCLASSls
  401830 TAKEEVENT@F16HISTHANDLERCLASS
  401920 INIT@F16HISTHANDLERCLASSBw10ERRORCLASS16ERRORHISTORYLIST
  401968 _VLBPROC@F16HISTHANDLERCLASSls
  4019B4 TAKEACCEPTED@F11MSGBOXCLASS
  401A14 SETUPADDITIONALFEQS@F11MSGBOXCLASS
  401ABC KILL@F11MSGBOXCLASS
  401B24 INIT@F11MSGBOXCLASS
  401E34 INIT@F11MSGBOXCLASSBw10ERRORCLASSOsbllll
  401F04 FETCHSTDBUTTON@F11MSGBOXCLASSs
  401F7C GETALLSTATUSVARIABLES@F10ERRORCLASS16ERRORSTATUSGROUP
  402004 GETERRORBUFFERFATALITY@F10ERRORCLASS
  402080 GETERRORBUFFERTITLE@F10ERRORCLASS
  402104 GETERRORBUFFERID@F10ERRORCLASS
  402174 STOREERRORENTRY@F10ERRORCLASSUs
  402314 GETHISTORYRESETONVIEW@F10ERRORCLASS
  402378 SETHISTORYRESETONVIEW@F10ERRORCLASSUc
  4023E4 GETHISTORYVIEWLEVEL@F10ERRORCLASS
  402448 SETHISTORYVIEWLEVEL@F10ERRORCLASSl
  4024B4 GETHISTORYTHRESHOLD@F10ERRORCLASS
  402518 SETHISTORYTHRESHOLD@F10ERRORCLASSl
  402584 GETLOGERRORS@F10ERRORCLASS
  4025E8 GETSILENT@F10ERRORCLASS
  40264C SETDEFAULTCATEGORY@F10ERRORCLASSsa
  4026B8 GETDEFAULTCATEGORY@F10ERRORCLASS
  40271C VIEWHISTORY@F10ERRORCLASS
  402790 THROW@F10ERRORCLASSs
  4027CC TAKEUSER@F10ERRORCLASS
  40284C TAKEPROGRAM@F10ERRORCLASS
  402878 TAKEOTHER@F10ERRORCLASS
  4028A4 TAKENOTIFY@F10ERRORCLASS
  402914 TAKEFATAL@F10ERRORCLASS
  4029B4 TAKEERROR@F10ERRORCLASSs
  402BBC TAKEBENIGN@F10ERRORCLASS
  402BDC SUBSSTRING@F10ERRORCLASS
  403010 SETPROCEDURENAME@F10ERRORCLASSOsb
  403108 GETERRORENTRY@F10ERRORCLASSUs15ERRORENTRYGROUPl
  4031C8 GETERRORENTRY@F10ERRORCLASSUs15ERRORENTRYGROUP
  403240 SETID@F10ERRORCLASSUsl
  4032D4 SETID@F10ERRORCLASSUs
  403348 SETERRORS@F10ERRORCLASS
  403420 SETERRORLOG@F10ERRORCLASS17ERRORLOGINTERFACE
  403518 SETCATEGORY@F10ERRORCLASSssa
  4035C4 RESETHISTORY@F10ERRORCLASS
  403640 REMOVEERROR@F10ERRORCLASSUs
  4036F8 MESSAGEBOX@F10ERRORCLASSUcsbOsbOsblll
  40379C MSG@F10ERRORCLASSsbOsbOsblll
  403B88 MESSAGE@F10ERRORCLASSsll
  403C30 KILL@F10ERRORCLASS
  403D10 INIT@F10ERRORCLASS16ERRORSTATUSCLASS
  403D8C INIT@F10ERRORCLASS
  403EBC HISTORYMSG@F10ERRORCLASSsblll
  404090 GETPROCEDURENAME@F10ERRORCLASS
  4041E4 GETCATEGORY@F10ERRORCLASSs
  4042B0 ADDHISTORY@F10ERRORCLASS
  40435C ADDERRORS@F10ERRORCLASS10ERRORBLOCK
  4045C4 ADDERROR@F10ERRORCLASSUsRsbRsbUcsa
  4046FC DESTRUCT@F10ERRORCLASS
  404738 CONSTRUCT@F10ERRORCLASS
  404770 DESTRUCT@F16ERRORSTATUSCLASS
  4047C8 CONSTRUCT@F16ERRORSTATUSCLASS
  404950 CLOSE_@_ERRORLOGINTERFACE_@_STANDARDERRORLOGCLASS@F17ERRORLOGINTERFACEUc
  404980 OPEN_@_ERRORLOGINTERFACE_@_STANDARDERRORLOGCLASS@F17ERRORLOGINTERFACEUc
  4049B0 TAKE_@_ERRORLOGINTERFACE_@_STANDARDERRORLOGCLASS@F17ERRORLOGINTERFACEsb
  404A68 CLOSE@F21STANDARDERRORLOGCLASSUc
  404B04 OPEN@F21STANDARDERRORLOGCLASSUc
  404BC8 DESTRUCT@F21STANDARDERRORLOGCLASS
  404BF4 CONSTRUCT@F21STANDARDERRORLOGCLASS
  404C50 DESTRUCT@F12FILESMANAGER
  404CBC CONSTRUCT@F12FILESMANAGER
  404D10 TRYREGET@F11FILEMANAGERsb
  404DD0 POSITION@F11FILEMANAGER
  404E6C SETOPTION@F10FUZZYCLASSUcUc
  404F04 KILL@F10FUZZYCLASS
  404F24 INIT@F10FUZZYCLASS
  404F5C CONSTRUCT@F10FUZZYCLASS
  4050FC TAKERESIZE@F17WINDOWRESIZECLASS
  405128 KILL@F17WINDOWRESIZECLASS
  4051E0 TAKEEVENT@F12TOOLBARCLASSPl13WINDOWMANAGER
  40525C SETTARGET@F12TOOLBARCLASSl
  405370 KILL@F12TOOLBARCLASS
  4053A4 INIT@F12TOOLBARCLASS
  4053E4 DISPLAYBUTTONS@F12TOOLBARCLASS
  405444 SETMASK@F15SELECTFILECLASSsbsb
  405538 SETMASK@F15SELECTFILECLASSsb
  4055A0 ASK@F15SELECTFILECLASSUc
  405748 ADDMASK@F15SELECTFILECLASSsbsb
  40583C ADDMASK@F15SELECTFILECLASSsb
  40590C INIT@F15SELECTFILECLASS
  405958 UPDATEQUEUE@F8INICLASSsbsbBqRuPuPuPu
  405B94 UPDATE@F8INICLASSsbsbsb
  405C64 UPDATE@F8INICLASSsbBw
  405E48 UPDATE@F8INICLASS
  405E68 TRYFETCH@F8INICLASSsbsb
  405EF0 REMOVE@F8INICLASSsbsb
  406090 KILL@F8INICLASS
  4061E4 INIT@F8INICLASSsbll
  406330 FETCHQUEUE@F8INICLASSsbsbBqRuPuPuPu
  4065AC FETCHFIELD@F8INICLASSsbsbUc
  406748 FETCH@F8INICLASSsbsbRu
  406820 FETCH@F8INICLASSsbBw
  406A88 FETCH@F8INICLASSsbsb
  406C20 FETCH@F8INICLASS
  406C40 UPDATEWINDOWINFO@F8INICLASSsb10WINDOWINFO
  406ED4 FETCHWINDOWINFO@F8INICLASSsb10WINDOWINFO
  407168 UPDATE@F8INICLASSsbsbsbsb
  40737C FETCH@F8INICLASSsbsbsbsb
  4075D0 DESTRUCT@F8INICLASS
  40760C CONSTRUCT@F8INICLASS
  40774C SAVEONINSERTACTION@F13WINDOWMANAGER
  407838 SAVEONCHANGEACTION@F13WINDOWMANAGER
  4079A0 DELETEACTION@F13WINDOWMANAGER
  407BAC CHANGEACTION@F13WINDOWMANAGER
  407FD4 INSERTACTION@F13WINDOWMANAGER
  408244 TAKEDISABLEBUTTON@F13WINDOWMANAGERlUc
  40829C UPDATE@F13WINDOWMANAGER
  408308 TAKEWINDOWEVENT@F13WINDOWMANAGER
  408564 TAKESELECTED@F13WINDOWMANAGER
  408584 TAKEREJECTED@F13WINDOWMANAGER
  4085DC TAKENOTIFY@F13WINDOWMANAGERlll
  408614 TAKENEWSELECTION@F13WINDOWMANAGER
  4086AC TAKEFIELDEVENT@F13WINDOWMANAGER
  4086CC TAKEEVENT@F13WINDOWMANAGER
  4088C4 TAKECLOSEEVENT@F13WINDOWMANAGER
  408ACC TAKECOMPLETED@F13WINDOWMANAGER
  408C00 TAKEACCEPTED@F13WINDOWMANAGER
  408D48 SETRESPONSE@F13WINDOWMANAGERUc
  408DB8 SETALERTS@F13WINDOWMANAGER
  408EA0 SAVEHISTORY@F13WINDOWMANAGER
  408F7C RUN@F13WINDOWMANAGERUsUc
  408FB0 RUN@F13WINDOWMANAGER
  409010 RESTOREFIELD@F13WINDOWMANAGERl
  409124 RESETBUFFERS@F13WINDOWMANAGERUc
  4091A4 RESET@F13WINDOWMANAGERUc
  40926C PRIMEUPDATE@F13WINDOWMANAGER
  40942C PRIMEFIELDS@F13WINDOWMANAGER
  40944C POSTCOMPLETED@F13WINDOWMANAGER
  409510 OPEN@F13WINDOWMANAGERBwBw
  409584 OPEN@F13WINDOWMANAGER
  4095E4 MODALEVENT@F13WINDOWMANAGER
  409714 KILL@F13WINDOWMANAGER
  4098E0 INIT@F13WINDOWMANAGER
  409998 ASK@F13WINDOWMANAGER
  409A18 ADDITEM@F13WINDOWMANAGER15WINDOWCOMPONENT
  409A98 ADDITEM@F13WINDOWMANAGER12TOOLBARCLASS
  409AD4 DISABLECANCELCONTROLS@F13WINDOWMANAGER
  409B54 ENABLECANCELCONTROLS@F13WINDOWMANAGER
  409BD4 RELEASE@F15CRITICALSECTION
  409C08 WAIT@F15CRITICALSECTION
  409C3C DESTRUCT@F15CRITICALSECTION
  409C70 CONSTRUCT@F15CRITICALSECTION
  409CA0 KILL@F17CRITICALPROCEDURE
  409CE8 INIT@F17CRITICALPROCEDURE11ISYNCOBJECT
  409D34 DESTRUCT@F17CRITICALPROCEDURE
  409D5C CONSTRUCT@F17CRITICALPROCEDURE
  409D84 CONSTRUCT@F15ENTERBYTABCLASS
  409DC8 DESTRUCT@F15ENTERBYTABCLASS
  409E28 PRESSKEY@F15ENTERBYTABCLASSl
  409EAC TAKEEVENT@F15ENTERBYTABCLASS
  40A1F4 INIT@F15ENTERBYTABCLASSUc
  40AE38 __thr_inst0
  40AE48 __thr_init_entry
  40AE68 __thr_init_exit
  40B068 ONSETCLASSNAME@F21CSRESIZEANDSPLITCLASSsb
  40B0D8 ERS_GETDRAWMODE@FBwl
  40B108 ERS$GetPositionW
  40B214 ERS$GetPosition
  40B2D4 ERS$SetPosition
  40B334 DESTROYTHUNK@FRl
  40B37C MYWINDOWPROCEDURE
  40B3D4 DOWN@F17CSSPLITIMAGECLASS
  40B444 LOSEFOCUS@F17CSSPLITIMAGECLASS
  40B4E8 GAINFOCUS@F17CSSPLITIMAGECLASS
  40B558 POSITION@F17CSSPLITIMAGECLASS8ERS_RECT
  40B7E8 RESIZE@F17CSSPLITIMAGECLASS
  40B8FC INIT@F17CSSPLITIMAGECLASS12CSSPLITCLASSsb
  40BC40 MOVED@F13CSHSPLITCLASSll
  40BDD0 CALCULATESCOPE@F13CSHSPLITCLASS
  40C0BC UPDATE@F13CSHSPLITCLASS
  40C17C FETCH@F13CSHSPLITCLASS
  40C2B0 RESIZE@F13CSHSPLITCLASS
  40D124 INITCONTROL@F13CSHSPLITCLASSlUc
  40D28C INIT@F13CSHSPLITCLASS
  40D908 CONSTRUCT@F13CSHSPLITCLASS
  40D95C MOVED@F13CSVSPLITCLASSll
  40DAEC CALCULATESCOPE@F13CSVSPLITCLASS
  40DDE8 UPDATE@F13CSVSPLITCLASS
  40DEA8 FETCH@F13CSVSPLITCLASS
  40DFDC RESIZE@F13CSVSPLITCLASS
  40EE58 INITCONTROL@F13CSVSPLITCLASSlUc
  40EFC0 INIT@F13CSVSPLITCLASS
  40F62C CONSTRUCT@F13CSVSPLITCLASS
  40F680 SETDOWNPOS@F12CSSPLITCLASSl
  40F6B0 GETDOWNPOS@F12CSSPLITCLASS
  40F6D4 GETUPPOS@F12CSSPLITCLASS
  40F6F8 ALIGNMENT@F12CSSPLITCLASSll13QALIGNMENTERS
  40F81C ALIGNMENTRESIZE@F12CSSPLITCLASSll
  40F860 ALIGNMENTMOVE@F12CSSPLITCLASSll
  40F8A4 ISMOVED@F12CSSPLITCLASS
  40F8C8 DOWN@F12CSSPLITCLASS
  40F904 LOSEFOCUS@F12CSSPLITCLASS
  40F94C GAINFOCUS@F12CSSPLITCLASS
  40F980 RESIZE@F12CSSPLITCLASS
  40F9C4 CHANGECONTROL@F12CSSPLITCLASSlll
  40FA4C DELETECONTROL@F12CSSPLITCLASSl
  40FAA8 PROCESSMESSAGE@F12CSSPLITCLASSllll
  40FD44 INVERT@F12CSSPLITCLASSl8ERS_RECTUc
  40FF60 RESIZEDCONTROL@F12CSSPLITCLASSl
  40FF9C MOVEDCONTROL@F12CSSPLITCLASSl
  40FFD8 INITFIXEDCONTROLS@F12CSSPLITCLASSll
  410018 INIT@F12CSSPLITCLASSsb13CSRESIZECLASSlsbUc
  410284 DESTRUCT@F12CSSPLITCLASS
  410428 CONSTRUCT@F12CSSPLITCLASS
  41048C RESETSETTING@F13CSRESIZECLASS
  41054C TAKEEVENT@F13CSRESIZECLASS
  410708 OPEN@F13CSRESIZECLASS
  41078C ISSIZED@F13CSRESIZECLASS
  4108C4 GETHCONTROLWND@F13CSRESIZECLASSl
  410950 GETCONTROL@F13CSRESIZECLASSl
  4109B0 DELETECONTROL@F13CSRESIZECLASSl
  410A60 CHANGECONTROL@F13CSRESIZECLASSlll
  410BEC UPDATE@F13CSRESIZECLASSsbsbsb
  410C40 FETCH@F13CSRESIZECLASSsbsbRu
  410C8C UPDATE@F13CSRESIZECLASS
  410D08 FETCH@F13CSRESIZECLASS
  410D8C RESET@F13CSRESIZECLASS
  410F08 SIZED@F13CSRESIZECLASS
  4117C4 RESIZE@F13CSRESIZECLASS
  411C58 REGISTER@F13CSRESIZECLASS12CSSPLITCLASS
  411CA8 FILLRECORD@F13CSRESIZECLASS
  411DC4 STRATEGY@F13CSRESIZECLASSll
  411E70 STRATEGY@F13CSRESIZECLASSldddd
  411FB4 DRAWHANDLEDOTS@F13CSRESIZECLASS
  412110 DRAWHANDLELINES@F13CSRESIZECLASS
  4122E8 DRAWHANDLE@F13CSRESIZECLASS
  412344 GRABCORNERLINES@F13CSRESIZECLASS
  4125AC INIT@F13CSRESIZECLASSsbBwUcl
  4128F8 PROCESSMESSAGE@F13CSRESIZECLASSllll
  4129F8 DESTRUCT@F13CSRESIZECLASS
  412A78 CONSTRUCT@F13CSRESIZECLASS
  412B04 RESETSETTING@F21CSRESIZEANDSPLITCLASS
  412B38 OPEN@F21CSRESIZEANDSPLITCLASS
  412B60 GETPOSITION@F21CSRESIZEANDSPLITCLASSl8ERS_RECTl
  412C14 ADDCONTROL@F21CSRESIZEANDSPLITCLASSl8ERS_RECTl
  412CA8 RESET@F21CSRESIZEANDSPLITCLASS
  412CC8 RESIZE@F21CSRESIZEANDSPLITCLASS
  413038 INIT@F21CSRESIZEANDSPLITCLASS
  413058 INITIALIZE@F21CSRESIZEANDSPLITCLASSBw
  4130E4 DESTRUCT@F21CSRESIZEANDSPLITCLASS
  41312C CONSTRUCT@F21CSRESIZEANDSPLITCLASS
  413168 PROCESSMESSAGE@F24CSRESIZEANDSPLITIMMCLASSllll
  4132E4 KILLSUBPROC@F25CSRESIZEANDSPLITBASECLASS
  413330 PROCESSMESSAGE@F25CSRESIZEANDSPLITBASECLASSllll
  413394 INITSUBPROC@F25CSRESIZEANDSPLITBASECLASSl
  4134BC TRACE@F25CSRESIZEANDSPLITBASECLASSsb
  413548 DESTRUCT@F25CSRESIZEANDSPLITBASECLASS
  413D18 MONITOR@F17SDKODSMESSAGEPUMPll
  413DC4 GETPROCESSNAME@F17SDKODSMESSAGEPUMPl
  414024 DATAOUT@F17SDKODSMESSAGEPUMP14SDKODSMESSAGEQ
  4140D4 DATAIN@F17SDKODSMESSAGEPUMP13SDKODSMESSAGE
  414300 DESTRUCT@F17SDKODSMESSAGEPUMP
  414368 CONSTRUCT@F17SDKODSMESSAGEPUMP
  414D5C SORTCASEINSENSITIVE@F14LINESGROUPTYPE14LINESGROUPTYPE
  414E20 SORTLENGTH@F14LINESGROUPTYPE14LINESGROUPTYPE
  414ED0 SORTCASESENSITIVE@F14LINESGROUPTYPE14LINESGROUPTYPE
  414F4C ENDSWITH@F12STRINGTHEORYsbll
  4150DC STARTSWITH@F12STRINGTHEORYsbll
  41523C FORMATTIME@F12STRINGTHEORYlsb
  4160B4 FORMATTIME@F12STRINGTHEORYsb
  41619C DEFORMATTIME@F12STRINGTHEORY
  4168A0 DEFORMATTIME@F12STRINGTHEORYsb
  41694C ISTIME@F12STRINGTHEORY
  416A5C ISTIME@F12STRINGTHEORYsb
  416B00 LINEENDINGS@F12STRINGTHEORYl
  416D14 MERGEXML@F12STRINGTHEORYsbl
  417050 GUNZIP@F12STRINGTHEORY
  417404 GZIP@F12STRINGTHEORYl
  417888 LOADNORMALIZE@F12STRINGTHEORY
  4179CC LOADLIBS@F12STRINGTHEORY
  417BEC PEEKRAM@F12STRINGTHEORYUll
  417D98 CLEANFILENAME@F12STRINGTHEORYOsbOsb
  417FC4 URLDECODE@F12STRINGTHEORYOsbOsb
  418500 URLENCODE@F12STRINGTHEORYlOsbOsb
  418C18 COLORFROMHEX@F12STRINGTHEORYsb
  418DC8 COLORTOHEX@F12STRINGTHEORYll
  418E88 FINDCHARS@F12STRINGTHEORYsbllOsb
  418F40 FINDCHARS@F12STRINGTHEORYRsbllOsb
  41909C FINDCHAR@F12STRINGTHEORYsbllOsb
  4191C0 UNQUOTE@F12STRINGTHEORYOsbOsb
  419334 QUOTE@F12STRINGTHEORYOsbOsb
  419584 INSERT@F12STRINGTHEORYlsb
  41978C SETSLICE@F12STRINGTHEORYUlUlsb
  419910 STR@F12STRINGTHEORYRsb
  4199C8 STR@F12STRINGTHEORYsb
  419A80 STR@F12STRINGTHEORY
  419B14 REVERSEBYTEORDER@F12STRINGTHEORY
  419B44 LITTLEENDIAN@F12STRINGTHEORYUl
  419B7C BIGENDIAN@F12STRINGTHEORYUl
  419BB4 SWITCHENDIAN@F12STRINGTHEORYUl
  419C00 LITTLEENDIAN@F12STRINGTHEORY
  419C50 BIGENDIAN@F12STRINGTHEORY
  419CA0 _SWITCHENDIAN@F12STRINGTHEORY
  419D74 KEEPCHARS@F12STRINGTHEORYsb
  419ED4 REMOVECHARS@F12STRINGTHEORYsb
  41A03C ISALL@F12STRINGTHEORYsbOsbl
  41A1A4 CONTAINSA@F12STRINGTHEORYsbOsbl
  41A37C ISALLDIGITS@F12STRINGTHEORY
  41A3D4 CONTAINSADIGIT@F12STRINGTHEORY
  41A42C SQUEEZE@F12STRINGTHEORYlOsb
  41A61C SETALL@F12STRINGTHEORYl
  41A6CC ALL@F12STRINGTHEORYl
  41A778 SETRIGHT@F12STRINGTHEORYllOsb
  41A808 RIGHT@F12STRINGTHEORYllOsb
  41AA84 SETLEFT@F12STRINGTHEORYllOsb
  41AB14 LEFT@F12STRINGTHEORYllOsb
  41ADBC REVERSE@F12STRINGTHEORY
  41AEB4 REVERSE@F12STRINGTHEORYsb
  41AF60 TRIM@F12STRINGTHEORY
  41AFF8 CLIP@F12STRINGTHEORY
  41B050 REMOVE@F12STRINGTHEORYsbOsblll
  41B2A0 DECENTITYTOCHAR@F12STRINGTHEORY
  41B5A8 HTMLENTITYTODEC@F12STRINGTHEORY
  41D3B4 REMOVEXMLPREFIXES@F12STRINGTHEORY
  41D538 REMOVEATTRIBUTES@F12STRINGTHEORYsb
  41D704 COUNTWORDS@F12STRINGTHEORYllOsb
  41D7E8 WORDEND@F12STRINGTHEORYllOsb
  41DC00 WORDSTART@F12STRINGTHEORYlllOsb
  41DF78 GETWORD@F12STRINGTHEORYlllOsb
  41E000 FINDWORD@F12STRINGTHEORYlllRlRlOsb
  41E2B8 GETBYTES@F12STRINGTHEORYRusbl
  41E83C SETBYTES@F12STRINGTHEORYRusbl
  41ECEC GETBYTES@F12STRINGTHEORYRspl
  41ED54 GETBYTES@F12STRINGTHEORYRsbl
  41EDBC GETBYTES@F12STRINGTHEORYRscl
  41EE24 GETBYTES@F12STRINGTHEORYRel
  41EE90 GETBYTES@F12STRINGTHEORYRdl
  41EEEC GETBYTES@F12STRINGTHEORYRfl
  41EF48 GETBYTES@F12STRINGTHEORYRUll
  41EFA4 GETBYTES@F12STRINGTHEORYRll
  41EFF0 GETBYTES@F12STRINGTHEORYRUsl
  41F04C GETBYTES@F12STRINGTHEORYRsl
  41F0A8 GETBYTES@F12STRINGTHEORYRUcl
  41F104 SETBYTES@F12STRINGTHEORYRsp
  41F158 SETBYTES@F12STRINGTHEORYRsb
  41F19C SETBYTES@F12STRINGTHEORYRsc
  41F1E8 SETBYTES@F12STRINGTHEORYRe
  41F268 SETBYTES@F12STRINGTHEORYRd
  41F2A8 SETBYTES@F12STRINGTHEORYRf
  41F2E8 SETBYTES@F12STRINGTHEORYRUl
  41F328 SETBYTES@F12STRINGTHEORYRl
  41F368 SETBYTES@F12STRINGTHEORYRUs
  41F3A8 SETBYTES@F12STRINGTHEORYRs
  41F3E8 SETBYTES@F12STRINGTHEORYRUc
  41F428 FROMBYTES@F12STRINGTHEORYRsbRspl
  41F488 FROMBYTES@F12STRINGTHEORYRsbRsbl
  41F4E8 FROMBYTES@F12STRINGTHEORYRsbRscl
  41F548 FROMBYTES@F12STRINGTHEORYRsbRel
  41F5D0 FROMBYTES@F12STRINGTHEORYRsbRdl
  41F640 FROMBYTES@F12STRINGTHEORYRsbRfl
  41F6B0 FROMBYTES@F12STRINGTHEORYRsbRUll
  41F720 FROMBYTES@F12STRINGTHEORYRsbRll
  41F790 FROMBYTES@F12STRINGTHEORYRsbRUsl
  41F800 FROMBYTES@F12STRINGTHEORYRsbRsl
  41F870 FROMBYTES@F12STRINGTHEORYRsbRUcl
  41F8E0 TOBYTES@F12STRINGTHEORYRsbRsbl
  41F940 TOBYTES@F12STRINGTHEORYRspRsbl
  41F9A8 TOBYTES@F12STRINGTHEORYRscRsbl
  41FA08 TOBYTES@F12STRINGTHEORYReRsbl
  41FA70 TOBYTES@F12STRINGTHEORYRdRsbl
  41FB04 TOBYTES@F12STRINGTHEORYRfRsbl
  41FB98 TOBYTES@F12STRINGTHEORYRUlRsbl
  41FC2C TOBYTES@F12STRINGTHEORYRlRsbl
  41FCC0 TOBYTES@F12STRINGTHEORYRUsRsbl
  41FD50 TOBYTES@F12STRINGTHEORYRsRsbl
  41FDE0 TOBYTES@F12STRINGTHEORYRUcRsbl
  41FE70 STRCPY@F12STRINGTHEORYRsbRsbl
  41FF4C WRAPTEXT@F12STRINGTHEORYlll
  4205F4 FROMHEX@F12STRINGTHEORY
  420784 TOHEX@F12STRINGTHEORYl
  420924 HEXTOSTRING@F12STRINGTHEORYsb
  420AB0 STRINGTOHEX@F12STRINGTHEORYsbll
  420C18 LONGTOHEX@F12STRINGTHEORYl
  420CD0 HEXTOBYTE@F12STRINGTHEORYsb
  420D58 BYTETOHEX@F12STRINGTHEORYUc
  420DE4 BASETODEC@F12STRINGTHEORYsbl
  420EFC DECTOBASE@F12STRINGTHEORYlll
  421058 NORMALIZE@F12STRINGTHEORYll
  42129C UTF16TOUTF8CHAR@F12STRINGTHEORYsbRl
  4214A8 DECODEHEXINLINE@F12STRINGTHEORYsblUl
  42169C DECODEHEXINLINE@F12STRINGTHEORYUl
  421714 TOUNICODE@F12STRINGTHEORYlUl
  4219C0 TOANSI@F12STRINGTHEORYlUl
  421CE0 APIANSITOUTF8@F12STRINGTHEORYRsbRl
  421D3C APIUTF8TOANSI@F12STRINGTHEORYRsbRl
  421D98 ANSITOUTF8@F12STRINGTHEORYRsbRlUl
  421E98 UTF8TOANSI@F12STRINGTHEORYRsbRlUl
  421F78 UTF16TO8@F12STRINGTHEORYRsbRll
  42210C UTF8TO16@F12STRINGTHEORYRsbRl
  42226C UTF16TOANSI@F12STRINGTHEORYRsbRllUl
  4223FC ANSITOUTF16@F12STRINGTHEORYRsbRlUl
  422568 FROMBLOB@F12STRINGTHEORYBb
  422688 TOBLOB@F12STRINGTHEORYBb
  4227EC AFTER@F12STRINGTHEORYsblll
  422900 FINDBETWEEN@F12STRINGTHEORYsbsbRlRlll
  422B30 BETWEEN@F12STRINGTHEORYsbsbllll
  422BC0 BEFORE@F12STRINGTHEORYsblll
  422C8C ADDBOM@F12STRINGTHEORYl
  422E24 SETENCODINGFROMBOM@F12STRINGTHEORYl
  422F7C SAVEFILEA@F12STRINGTHEORYsbsbl
  422FF4 SAVEFILE@F12STRINGTHEORYRsbsbll
  423278 SAVEFILE@F12STRINGTHEORYsbl
  423390 LOADFILE@F12STRINGTHEORYsblll
  423750 PATHONLY@F12STRINGTHEORYOsb
  4238EC FILENAMEONLY@F12STRINGTHEORYOsbl
  423D48 LOWER@F12STRINGTHEORYOsbOsb
  423FB0 UPPER@F12STRINGTHEORYOsbOsb
  424218 TRACE@F12STRINGTHEORYOsb
  4243A8 TOCSTRING@F12STRINGTHEORY
  4244E0 SUB@F12STRINGTHEORYUlUl
  4246BC FILTER@F12STRINGTHEORYsbsb
  424848 SPLITEVERY@F12STRINGTHEORYl
  4249E0 SORT@F12STRINGTHEORYl
  424A50 SORT@F12STRINGTHEORYlsbOsbOsbll
  424B54 SPLIT@F12STRINGTHEORYsbOsbOsblllOsbl
  4257B4 SLICE@F12STRINGTHEORYUlUl
  4258F4 SETLENGTH@F12STRINGTHEORYll
  425B28 REPLACE@F12STRINGTHEORYsbsblllll
  4268F0 RECORDS@F12STRINGTHEORY
  426928 MAKEGUID@F12STRINGTHEORYll
  426980 RANDOM@F12STRINGTHEORYllOsb
  426EFC PREPEND@F12STRINGTHEORYsblOsb
  4271F4 MD5@F12STRINGTHEORY
  427280 _MALLOC@F12STRINGTHEORYlll
  4274A0 CHARS@F12STRINGTHEORYlOsb
  42769C LEN@F12STRINGTHEORY
  4276CC LENGTHA@F12STRINGTHEORY
  4276FC LENGTH@F12STRINGTHEORY
  427808 _JOINA@F12STRINGTHEORYsbOsbOsb
  427E2C JOIN@F12STRINGTHEORYsbOsbOsb
  4286D8 REMOVELINES@F12STRINGTHEORYOsb
  4287F4 DELETELINE@F12STRINGTHEORYl
  428880 ADDLINE@F12STRINGTHEORYlsb
  4289A4 SETLINE@F12STRINGTHEORYlsb
  428B1C INLINE@F12STRINGTHEORYsbllllll
  428D4C GETBUFFERLENGTH@F12STRINGTHEORY
  428D84 GETLINE@F12STRINGTHEORYl
  428E90 GETVAL@F12STRINGTHEORY
  428EC4 GETVALUE@F12STRINGTHEORYl
  4290B8 GETVALUE@F12STRINGTHEORY
  42922C FORMATMESSAGE@F12STRINGTHEORYl
  4292A8 EXTENSIONONLY@F12STRINGTHEORYOsb
  4294B0 ERRORTRAP@F12STRINGTHEORYsbsb
  4295E0 CAPITALIZE@F12STRINGTHEORYlllOsb
  429814 COUNT@F12STRINGTHEORYsbllllll
  4299D0 INSTRING@F12STRINGTHEORYsblllll
  429E1C CROP@F12STRINGTHEORYUlUl
  429E70 CLIPLENGTH@F12STRINGTHEORY
  429EFC CLIPLEN@F12STRINGTHEORY
  429F28 FREELINES@F12STRINGTHEORY
  429FA8 FREE@F12STRINGTHEORYll
  42A078 JSONDECODE@F12STRINGTHEORY
  42A2A0 JSONENCODE@F12STRINGTHEORYl
  42A51C ENCODEDWORDENCODE@F12STRINGTHEORYOsbl
  42A704 ENCODEDWORDDECODE@F12STRINGTHEORY
  42AC4C QUOTEDPRINTABLEDECODE@F12STRINGTHEORY
  42ACE0 QUOTEDPRINTABLEENCODE@F12STRINGTHEORY
  42AF7C BASE64DECODE@F12STRINGTHEORYRsbRl
  42B204 BASE64DECODE@F12STRINGTHEORY
  42B298 BASE64ENCODE@F12STRINGTHEORYRsbRl
  42B7D4 BASE64ENCODE@F12STRINGTHEORYl
  42B9C0 SETVALUE@F12STRINGTHEORYRsbl
  42BC30 GETVALUEPTR@F12STRINGTHEORY
  42BCD4 ABBREVIATE@F12STRINGTHEORYlll
  42BE94 ASSIGN@F12STRINGTHEORYsb
  42BEDC ASSIGN@F12STRINGTHEORYRsb
  42BF20 _SETVALUEPOINTER@F12STRINGTHEORYllll
  42C008 _GETNEXTBUFFERSIZE@F12STRINGTHEORYl
  42C0D8 SETVALUE@F12STRINGTHEORYsbl
  42C124 APPEND@F12STRINGTHEORYRsblOsb
  42C604 APPEND@F12STRINGTHEORYsblOsb
  42C670 APPENDBINARY@F12STRINGTHEORYll
  42C76C APPENDA@F12STRINGTHEORYsblOsb
  42C804 START@F12STRINGTHEORY
  42C890 CONSTRUCT@F12STRINGTHEORY
  42C8D8 DESTRUCT@F12STRINGTHEORY
  42DD94 UDOVERVIEW001$SETTINGS@F
  438210 MAIN@F
  4398C4 UDOVERVIEW003$ABOUT@F
  439A6C UDOVERVIEW_BC0$UDOVERVIEW_BC0:FILESINIT@F
  439A84 UDOVERVIEW_BC0$UDOVERVIEW_BC0:DCTKILL@F
  439A9C UDOVERVIEW_BC0$UDOVERVIEW_BC0:DCTINIT@F
  439AB4 DCTKILL@F
  439AD0 DCTINIT@F
  439AF0 _main
  439C98 DESTRUCT@F10DICTIONARY
  439CBC CONSTRUCT@F10DICTIONARY
  439CE8 MYENDSESSIONHANDLER
  439D00 MYOKTOENDSESSIONHANDLER
  43A560 ENDTEMPORARYPREFIX@F13ULTIMATEDEBUG
  43A5E4 BEGINTEMPORARYPREFIX@F13ULTIMATEDEBUGsb
  43A660 SHOWPROCEDUREINFO@F13ULTIMATEDEBUGsbsbsbsbsbsb
  43A984 SETPURGETIME@F13ULTIMATEDEBUGl
  43A9E8 SETEVENTOFFSET@F13ULTIMATEDEBUG
  43AA4C SETAPPLICATIONNAME@F13ULTIMATEDEBUGsbsb
  43ABF4 SENDOUTPUTTODEBUG@F13ULTIMATEDEBUGsbOsbUc
  43ACE0 HUNTFOROFFSET@F13ULTIMATEDEBUG
  43B064 GETUSEREVENT@F13ULTIMATEDEBUGl
  43B10C GETEVENTDESCR@F13ULTIMATEDEBUGl
  43B2EC FORMATMESSAGELIST@F13ULTIMATEDEBUGsbBq
  43B444 DESTRUCT@F13ULTIMATEDEBUG
  43B60C DEBUGQUEUE@F13ULTIMATEDEBUGBqOsbOUc
  43B9D4 DEBUG@F13ULTIMATEDEBUGsbOsbUcUc
  43C084 CONSTRUCT@F13ULTIMATEDEBUG
  43C1A4 CALCSTARDATE@F13ULTIMATEDEBUGOlOl
  43C22C INIT@F13ULTIMATEDEBUGOsbPg
  43D000 $DEFAULTERRORS
  43E2B4 TYPE$COLORMAP
  43E2E0 TCB$COLORMAP
  43E598 STDERRORFILE$TYPE$RECORD
  43E5B0 $STDERRORFILE
  43E62C TYPE$PNQ
  43E64C TYPE$DEFAULTERRORS
  43E8CC TYPE$HISTHANDLERCLASS
  43E914 VMT$HISTHANDLERCLASS
  43E944 TYPE$MSGBOXCLASS
  43EBBC VMT$MSGBOXCLASS
  43EC44 TYPE$ERRORCLASS
  43EEA0 VMT$ERRORCLASS
  43EEEC TYPE$STANDARDERRORLOGCLASS
  43EF24 VMT$STANDARDERRORLOGCLASS
  43EF3C TYPE$ERRORSTATUSCLASS
  43F030 VMT$ERRORSTATUSCLASS
  43F048 TYPE$UNTHREADEDFILEOPENERMAP
  43F06C TCB$UNTHREADEDFILEOPENERMAP
  43F07C TYPE$FILESMANAGER
  43F0C0 VMT$FILESMANAGER
  43F0CC TYPE$FILEMAPPING_T
  43F0F8 TYPE$FILEMAPPING_R
  43F128 TYPE$STATUSQ_T
  43F198 TYPE$FUZZYCLASS
  43F240 VMT$FUZZYCLASS
  43F264 TYPE$TOOLBARTARGETQUEUE
  43F280 TYPE$TOOLBARCLASS
  43F298 VMT$TOOLBARCLASS
  43F3A4 TYPE$SELECTFILECLASS
  43F430 VMT$SELECTFILECLASS
  43F43C TYPE$INICLASS
  43F484 VMT$INICLASS
  43F524 TYPE$BUTTONLIST
  43F548 TYPE$COMPONENTLIST
  43F564 TYPE$CRITICALSECTION
  43F57C VMT$CRITICALSECTION
  43F588 TYPE$CRITICALPROCEDURE
  43F5A0 VMT$CRITICALPROCEDURE
  43F5B0 TYPE$NEXTTABSTOPCONTROLQUEUE
  43F5CC TYPE$ENTERBYTABCLASS
  43F610 VMT$ENTERBYTABCLASS
  43F624 TYPE$CONTROLTYPEQUEUE
  43F754 TYPE$ERSPAINTSTRUCT
  43F7D0 TYPE$CSSPLITIMAGECLASS
  43F870 VMT$CSSPLITIMAGECLASS
  43F92C TYPE$CSSPLITCLASS
  43FAF8 TYPE$CSRESIZECLASS
  43FD68 TYPE$CSRESIZEANDSPLITIMMCLASS
  43FDAC VMT$CSRESIZEANDSPLITIMMCLASS
  43FF00 $STPROFILE
  4416A0 TYPE$STRINGTHEORY
  4417B4 VMT$STRINGTHEORY
  443BD0 $OSDKODSMESSAGEPUMP
  443BF4 TYPE$OSDKODSMESSAGEPUMP
  443C68 VMT$OSDKODSMESSAGEPUMP
  443C74 TYPE$DICTIONARY
  443C84 VMT$DICTIONARY
  443C90 $UDB_SETTINGS
  443DF4 TYPE$UDB_SETTINGS
  444284 TYPE$ULTIMATEDEBUG
  444518 VMT$ULTIMATEDEBUG
  444864 VMTP$ENTERBYTABCLASS
  44486C VMTP$OSDKODSMESSAGEPUMP
  444874 VMTP$DICTIONARY
  4448CC VMTP$FILESMANAGER
  4448D4 VMTP$SELECTFILECLASS
  4448DC VMTP$INICLASS
  4448E4 VMTP$TOOLBARCLASS
  4448EC VMTP$HISTHANDLERCLASS
  4448F4 VMTP$MSGBOXCLASS
  4448FC VMTP$ERRORCLASS
  444904 VMTP$STANDARDERRORLOGCLASS
  44490C VMTP$ERRORSTATUSCLASS
  444914 VMTP$FUZZYCLASS
  44491C VMTP$ULTIMATEDEBUG
  444924 VMTP$STRINGTHEORY
  44492C VMTP$CSSPLITIMAGECLASS
  444934 VMTP$CSRESIZEANDSPLITIMMCLASS
  44493C VMTP$CRITICALSECTION
  444944 VMTP$CRITICALPROCEDURE
  444950 $FUZZYMATCHER
  445F74 $COLORMAP
  445FAC $MULTIWINDOW
  445FB0 $TXTWINDOW
  445FB4 $WINDOW
  445FB8 STDERRORFILE$RECORD
  4463B8 $UNTHREADEDFILEOPENERMAP
  4463C0 $CREATEOPENERCRIT
  4464D0 stNormalizeString
  4464D4 $HNORMALIZ
  4464D8 stInflateEnd
  4464DC stInflate
  4464E0 stInflateInit2_
  4464E4 stDeflateEnd
  4464E8 stDeflate
  4464EC stDeflateInit2_
  4464F0 $HZLIB
  4464F4 $VERSION
  446514 $WE::PROGRAMNAME
  446714 $GLOBALERRORS
  446748 $INIMGR
  446860 $WE::CANTCLOSENOW
  446864 $WE::MUSTCLOSE
  447110 $GLOBALERRORSTATUS
  448434 $GLOBALREQUEST
  448438 $GLOBALRESPONSE
  44843C $VCRREQUEST
  448440 $DICTIONARY
  448444 $FILESMANAGER
  44845C $SZDBTEXTLOG
  449000 __import_section_start
  44AE1C __import_section_end

Imports
ClaASC.dll:ASCII 4490A8
ClaRUN.dll:Cla$ACCEPTED 449408,401000
ClaRUN.dll:Cla$ADDqueue 44940C
ClaRUN.dll:Cla$ADDqueuekey 449410,401008
ClaRUN.dll:Cla$ADDqueueptr 449414
ClaRUN.dll:Cla$ASK 449418,401010
ClaRUN.dll:Cla$AssertFailed 44941C
ClaRUN.dll:Cla$AssertFailedM 449420
ClaRUN.dll:Cla$AssignLong2RefUfo 449424
ClaRUN.dll:Cla$AssignReal2RefUfo 449428
ClaRUN.dll:Cla$AssignRefUfo 44942C
ClaRUN.dll:Cla$BEEP 449430,401018
ClaRUN.dll:Cla$BLOB_GET_PROPERTY 449434
ClaRUN.dll:Cla$BLOB_SET_PROPERTY 449438
ClaRUN.dll:Cla$BLOB_TAKE 44943C
ClaRUN.dll:Cla$BLOB_YIELD 449440
ClaRUN.dll:Cla$BOX 449444,401020
ClaRUN.dll:Cla$CHOICE 449448,401028
ClaRUN.dll:Cla$CLEAR 44944C
ClaRUN.dll:Cla$CLEARqueue 449450
ClaRUN.dll:Cla$clearstr 449454
ClaRUN.dll:Cla$CLOCK 449458,401030
ClaRUN.dll:Cla$CLOSEwindow 44945C,401038
ClaRUN.dll:Cla$code 449460
ClaRUN.dll:Cla$COLORDIALOG 449464,401040
ClaRUN.dll:Cla$COMMAND 449468,401048
ClaRUN.dll:Cla$comparestr 44946C
ClaRUN.dll:Cla$CREATE 449470
ClaRUN.dll:Cla$DecAdd 449474
ClaRUN.dll:Cla$DecDistinct 449478
ClaRUN.dll:Cla$DecDistinctR 44947C
ClaRUN.dll:Cla$DecDivide 449480
ClaRUN.dll:Cla$DecMul 449484
ClaRUN.dll:Cla$DecSub 449488
ClaRUN.dll:Cla$DecSubR 44948C
ClaRUN.dll:Cla$DeepAssign 449490
ClaRUN.dll:Cla$DELETEqueue 449494,401050
ClaRUN.dll:Cla$DELETEREG 449498,401058
ClaRUN.dll:Cla$DESTROY 44949C,401060
ClaRUN.dll:Cla$DInt 4494A0
ClaRUN.dll:Cla$DISABLE 4494A4,401068
ClaRUN.dll:Cla$DISPLAY 4494A8,401070
ClaRUN.dll:Cla$DISPOSEqueue 4494AC
ClaRUN.dll:Cla$DISPOSEref 4494B0
ClaRUN.dll:Cla$Dlongpower 4494B4
ClaRUN.dll:Cla$DPopDec 4494B8
ClaRUN.dll:Cla$DPopLong 4494BC
ClaRUN.dll:Cla$DPopReal 4494C0
ClaRUN.dll:Cla$DPopUlong 4494C4
ClaRUN.dll:Cla$DPushConstant 4494C8
ClaRUN.dll:Cla$DPushLong 4494CC
ClaRUN.dll:Cla$DPushReal 4494D0
ClaRUN.dll:Cla$DPushULong 4494D4
ClaRUN.dll:Cla$DRound 4494D8
ClaRUN.dll:Cla$DStack2Stack 4494DC
ClaRUN.dll:Cla$duplicate 4494E0
ClaRUN.dll:Cla$ENABLE 4494E4,401078
ClaRUN.dll:Cla$EndEventLoop 4494E8
ClaRUN.dll:Cla$ERRORCODE 4494EC,401080
ClaRUN.dll:Cla$EVENT 4494F0,401088
ClaRUN.dll:Cla$FIELD 4494F4,401090
ClaRUN.dll:Cla$FILEDIALOG 4494F8,401098
ClaRUN.dll:Cla$FILEERRORCODE 4494FC,4010A0
ClaRUN.dll:Cla$FILEERRORMSG 449500,4010A8
ClaRUN.dll:Cla$FileExists 449504,4010B0
ClaRUN.dll:Cla$FILE_ADDf 449508
ClaRUN.dll:Cla$FILE_CLOSE 44950C,4010B8
ClaRUN.dll:Cla$FILE_CREATE 449510
ClaRUN.dll:CLA$FILE_DESTROY 449514
ClaRUN.dll:Cla$FILE_GET_PROPERTY 449518
ClaRUN.dll:Cla$FILE_NAME 44951C,4010C0
ClaRUN.dll:Cla$FILE_OPEN 449520,4010C8
ClaRUN.dll:Cla$FILE_POSITIONf 449524,4010D0
ClaRUN.dll:Cla$FILE_POSITIONk 449528,4010D8
ClaRUN.dll:Cla$FILE_REGETf 44952C,4010E0
ClaRUN.dll:Cla$FILE_REGETk 449530,4010E8
ClaRUN.dll:Cla$FIRSTFIELD 449534,4010F0
ClaRUN.dll:Cla$FOCUS 449538,4010F8
ClaRUN.dll:Cla$FREEqueue 44953C
ClaRUN.dll:Cla$FREEqueuea 449540,401100
ClaRUN.dll:Cla$freestr 449544
ClaRUN.dll:Cla$FreeUfo 449548
ClaRUN.dll:Cla$freewindow 44954C
ClaRUN.dll:Cla$GETINI 449550,401108
ClaRUN.dll:Cla$GETPOSITION 449554,401110
ClaRUN.dll:Cla$GetPropS 449558
ClaRUN.dll:Cla$GETqueuekey 44955C,401118
ClaRUN.dll:Cla$GETqueueptr 449560
ClaRUN.dll:Cla$GETREG 449564,401120
ClaRUN.dll:Cla$Group2Ufo 449568
ClaRUN.dll:Cla$HALT 44956C,401128
ClaRUN.dll:Cla$HIDE 449570,401130
ClaRUN.dll:Cla$init 449574
ClaRUN.dll:Cla$INSTANCE 449578,401138
ClaRUN.dll:Cla$IsAlpha 44957C,401140
ClaRUN.dll:Cla$isftoupper 449580,401148
ClaRUN.dll:Cla$ISGROUPqueue 449584,401150
ClaRUN.dll:Cla$KEYBOARD 449588,401158
ClaRUN.dll:Cla$KEYCODE 44958C,401160
ClaRUN.dll:Cla$LASTFIELD 449590,401168
ClaRUN.dll:Cla$LINE 449594,401170
ClaRUN.dll:Cla$longtostr 449598
ClaRUN.dll:Cla$Mem2Ufo 44959C
ClaRUN.dll:Cla$MessageBox 4495A0,401178
ClaRUN.dll:Cla$modulus 4495A4
ClaRUN.dll:Cla$NewMemB 4495A8
ClaRUN.dll:Cla$NewMemT 4495AC
ClaRUN.dll:Cla$NewMemZ 4495B0
ClaRUN.dll:Cla$NEWqueue 4495B4
ClaRUN.dll:Cla$NOTIFICATION 4495B8,401180
ClaRUN.dll:Cla$OPENowned 4495BC,401188
ClaRUN.dll:Cla$OPENwindow 4495C0,401190
ClaRUN.dll:Cla$PEEK 4495C4
ClaRUN.dll:Cla$POINTERqueue 4495C8,401198
ClaRUN.dll:Cla$PopAString 4495CC
ClaRUN.dll:Cla$PopBind 4495D0,4011A0
ClaRUN.dll:Cla$PopCString 4495D4
ClaRUN.dll:Cla$PopPString 4495D8
ClaRUN.dll:Cla$PopReal 4495DC
ClaRUN.dll:Cla$PopString 4495E0
ClaRUN.dll:Cla$PopTemp 4495E4
ClaRUN.dll:Cla$POST 4495E8,4011A8
ClaRUN.dll:Cla$PRESSKEY 4495EC,4011B0
ClaRUN.dll:Cla$PushAString 4495F0
ClaRUN.dll:Cla$PushBind 4495F4,4011B8
ClaRUN.dll:Cla$PushCString 4495F8
ClaRUN.dll:Cla$PushLong 4495FC
ClaRUN.dll:Cla$PushPictDec 449600
ClaRUN.dll:Cla$PushPictLong 449604
ClaRUN.dll:Cla$PushReal 449608
ClaRUN.dll:Cla$PushString 44960C
ClaRUN.dll:Cla$PushTemp 449610
ClaRUN.dll:Cla$PushUfo 449614
ClaRUN.dll:Cla$PUTINI 449618,4011C0
ClaRUN.dll:Cla$PUTqueue 44961C
ClaRUN.dll:Cla$PUTREG 449620,4011C8
ClaRUN.dll:Cla$pwopen 449624,4011D0
ClaRUN.dll:Cla$RANDOM 449628,4011D8
ClaRUN.dll:Cla$realdistinct 44962C
ClaRUN.dll:Cla$RECORDSqueue 449630,4011E0
ClaRUN.dll:Cla$RefAssignAny 449634
ClaRUN.dll:Cla$rterr 449638,4011E8
ClaRUN.dll:Cla$SELECT 44963C,4011F0
ClaRUN.dll:Cla$SETCLIPBOARD 449640,4011F8
ClaRUN.dll:Cla$SETCURSOR 449644,401200
ClaRUN.dll:Cla$SETKEYCODE 449648,401208
ClaRUN.dll:Cla$SETPATH 44964C,401210
ClaRUN.dll:Cla$SETPENCOLOR 449650,401218
ClaRUN.dll:Cla$SETPOSITION 449654,401220
ClaRUN.dll:Cla$SetPropF 449658
ClaRUN.dll:Cla$SetPropQ 44965C
ClaRUN.dll:Cla$SetPropS 449660
ClaRUN.dll:Cla$SetPropV 449664
ClaRUN.dll:Cla$SETTARGET 449668,401228
ClaRUN.dll:Cla$SHORTPATH 44966C,401230
ClaRUN.dll:Cla$SizeUfo 449670
ClaRUN.dll:Cla$SORTqueuefkey 449674
ClaRUN.dll:Cla$SORTqueuekey 449678,401238
ClaRUN.dll:Cla$Stack2DStack 44967C
ClaRUN.dll:Cla$Stack2Ufo 449680
ClaRUN.dll:Cla$StackALL 449684,401240
ClaRUN.dll:Cla$StackCLIP 449688,401248
ClaRUN.dll:Cla$StackCompare 44968C
ClaRUN.dll:Cla$StackCompareN 449690
ClaRUN.dll:Cla$StackCompareNEQ 449694
ClaRUN.dll:Cla$StackCompareR 449698
ClaRUN.dll:Cla$StackConcat 44969C
ClaRUN.dll:Cla$StackConcatR 4496A0
ClaRUN.dll:Cla$StackCONTENTS 4496A4,401250
ClaRUN.dll:Cla$StackErrstr 4496A8,401258
ClaRUN.dll:Cla$StackFORMAT2 4496AC
ClaRUN.dll:Cla$StackHeap 4496B0
ClaRUN.dll:Cla$StackINSTRING 4496B4,401260
ClaRUN.dll:Cla$StackLEFT 4496B8,401268
ClaRUN.dll:Cla$StackLen 4496BC,401270
ClaRUN.dll:Cla$StackLOWER 4496C0,401278
ClaRUN.dll:Cla$StackNUMERIC 4496C4,401280
ClaRUN.dll:Cla$StackRIGHT 4496C8,401288
ClaRUN.dll:Cla$StackRotate 4496CC
ClaRUN.dll:Cla$StackSUB 4496D0,401290
ClaRUN.dll:Cla$StackUPPER 4496D4,401298
ClaRUN.dll:Cla$StackVAL 4496D8
ClaRUN.dll:Cla$START1 4496DC,4012A0
ClaRUN.dll:Cla$StartEventLoop 4496E0
ClaRUN.dll:Cla$storecstr 4496E4
ClaRUN.dll:Cla$storestr 4496E8
ClaRUN.dll:Cla$String2Ref 4496EC
ClaRUN.dll:Cla$THREAD 4496F0,4012A8
ClaRUN.dll:Cla$THREAD_FILE 4496F4
ClaRUN.dll:Cla$TODAY 4496F8,4012B0
ClaRUN.dll:Cla$Ufo2Real 4496FC
ClaRUN.dll:Cla$UfoCompareN 449700
ClaRUN.dll:Cla$Ufodistinct 449704
ClaRUN.dll:Cla$UNHIDE 449708,4012B8
ClaRUN.dll:Cla$UNREGISTEREVENT 44970C,4012C0
ClaRUN.dll:Cla$WHAT 449710,4012C8
ClaRUN.dll:Cla$WHATqueue 449714,4012D0
ClaRUN.dll:Cla$WHOqueue 449718,4012D8
ClaRUN.dll:Cla$YIELD 44971C,4012E0
ClaRUN.dll:NewCriticalSection 449720,4012E8
ClaRUN.dll:THR$GetInstance 449724,4012F0
ClaRUN.dll:WslDebug$NameMessage 449728,4012F8
ClaRUN.dll:_exit 44972C,401300
ClaRUN.dll:_free 449730
ClaRUN.dll:_malloc 449734
ClaRUN.dll:_memchr 449738,401308
ClaRUN.dll:_memcmp 44973C,401310
ClaRUN.dll:_memcpy 449740,401318
ClaRUN.dll:_memset 449744,401320
ClaRUN.dll:__a_chkstk 449748,401328
ClaRUN.dll:__e_index 44974C,401330
ClaRUN.dll:__e_stack 449750,401338
ClaRUN.dll:__sysinit 449754,401340
ClaRUN.dll:__sysstart 449758,401348
CLAWE:ds_GetFileVersionInfo 449784,401350
CLAWE:ds_SetEndSessionHandler 449788,401358
CLAWE:ds_SetOkToEndSessionHandler 44978C,401360
CLAWE:ds_VisibleOnDesktop 449790,401368
CLAWE:WinAlert 449794,401370
CLAWE:WinAlertMouseZoom 449798,401378
CLAWE:WinNotOnTop 44979C,401380
CLAWE:WinOnTop 4497A0,401388
GDI32.dll:BitBlt 4497B0,401390
KERNEL32.dll:CloseHandle 449820,401398
KERNEL32.dll:CreateEventA 449824,4013A0
KERNEL32.dll:CreateFileA 449828,4013A8
KERNEL32.dll:CreateFileMappingA 44982C,4013B0
KERNEL32.dll:FlushInstructionCache 449830,4013B8
KERNEL32.dll:FormatMessageA 449834,4013C0
KERNEL32.dll:GetCurrentProcess 449838,4013C8
KERNEL32.dll:GetFileSize 44983C,4013D0
KERNEL32.dll:GetLastError 449840,4013D8
KERNEL32.dll:GetLocalTime 449844,4013E0
KERNEL32.dll:GetProcAddress 449848,4013E8
KERNEL32.dll:GetProcessHeap 44984C,4013F0
KERNEL32.dll:HeapAlloc 449850,4013F8
KERNEL32.dll:HeapFree 449854,401400
KERNEL32.dll:LoadLibraryA 449858,401408
KERNEL32.dll:MapViewOfFile 44985C,401410
KERNEL32.dll:MultiByteToWideChar 449860,401418
KERNEL32.dll:OpenProcess 449864,401420
KERNEL32.dll:OutputDebugStringA 449868,401428
KERNEL32.dll:ReadFile 44986C,401430
KERNEL32.dll:SetEvent 449870,401438
KERNEL32.dll:SetFilePointer 449874,401440
KERNEL32.dll:WaitForSingleObject 449878,401448
KERNEL32.dll:WideCharToMultiByte 44987C,401450
KERNEL32.dll:WriteFile 449880,401458
PSAPI.DLL:GetModuleFileNameExA 449890,401460
USER32.dll:CallWindowProcA 4498DC,401468
USER32.dll:GetClientRect 4498E0,401470
USER32.dll:GetDC 4498E4,401478
USER32.dll:GetParent 4498E8,401480
USER32.dll:GetWindowLongA 4498EC,401488
USER32.dll:GetWindowRect 4498F0,401490
USER32.dll:IsWindow 4498F4,401498
USER32.dll:IsWindowVisible 4498F8,4014A0
USER32.dll:keybd_event 4498FC,4014A8
USER32.dll:RedrawWindow 449900,4014B0
USER32.dll:ReleaseCapture 449904,4014B8
USER32.dll:ReleaseDC 449908,4014C0
USER32.dll:ScreenToClient 44990C,4014C8
USER32.dll:SetCapture 449910,4014D0
USER32.dll:SetWindowLongA 449914,4014D8
USER32.dll:SetWindowPos 449918,4014E0



Entry Point:   40A97C