  4014F0     3733 Code                ABERROR_TEXT
  404C24      24E Code                ABFILE_TEXT
  404E74      28E Code                ABFUZZY_TEXT
  405104       E3 Code                ABRESIZE_TEXT
  4051E8      263 Code                ABTOOLBA_TEXT
  40544C     21F9 Code                ABUTIL_TEXT
  407648     2591 Code                ABWINDOW_TEXT
  409BDC      1AF Code                CWSYNCHC_TEXT
  409D8C      BF8 Code                EFOCUS_TEXT
  40A984       23 Code                IEXE32_TEXT
  40A9A8      496 Code                INIT_TEXT
  40AE40       37 Code                INST00_TEXT
  40AE78     870D Code                RESIZEANDSPLIT_TEXT
  413588      E50 Code                SDKODSMESSAGEPUMP_TEXT
  4143D8    18672 Code                STRINGTHEORY_TEXT
  42CA4C     1728 Code                UDOVERVIEW001_TEXT
  42E174     B39F Code                UDOVERVIEW002_TEXT
  439514      6A6 Code                UDOVERVIEW003_TEXT
  439BBC       46 Code                UDOVERVIEW_BC0_TEXT
  439C04       3C Code                UDOVERVIEW_BC_TEXT
  439C40      233 Code                UDOVERVIEW_TEXT
  439E74     27D0 Code                ULTIMATEDEBUG_TEXT
  43D000     1290 Initialized Data    $DEFAULTERRORS_DATA
  43E290       23 Initialized Data    ABEIP_CONST
  43E2B4       3C Initialized Data    ABEIP_DATA
  43E2F0      2A7 Initialized Data    ABERROR_CONST
  43E598      AA4 Initialized Data    ABERROR_DATA
  43F03C        9 Initialized Data    ABFILE_CONST
  43F048      147 Initialized Data    ABFILE_DATA
  43F190        5 Initialized Data    ABFUZZY_CONST
  43F198       B4 Initialized Data    ABFUZZY_DATA
  43F24C        5 Initialized Data    ABPOPUP_CONST
  43F254        D Initialized Data    ABTOOLBA_CONST
  43F264       4C Initialized Data    ABTOOLBA_DATA
  43F2B0       D9 Initialized Data    ABUTIL_CONST
  43F38C      183 Initialized Data    ABUTIL_DATA
  43F510       14 Initialized Data    ABWINDOW_CONST
  43F524       3F Initialized Data    ABWINDOW_DATA
  43F564       48 Initialized Data    CWSYNCHC_DATA
  43F5AC        1 Initialized Data    EFOCUS_CONST
  43F5B0       87 Initialized Data    EFOCUS_DATA
  43F638       44 Initialized Data    IEXE32_DATA
  43F67C       91 Initialized Data    RESIZEANDSPLIT_CONST
  43F710      6B8 Initialized Data    RESIZEANDSPLIT_DATA
  43FDC8      138 Initialized Data    SDKODSMESSAGEPUMP_CONST
  43FF00      275 Initialized Data    SDKODSMESSAGEPUMP_DATA
  440178     13FA Initialized Data    STRINGTHEORY_CONST
  441574      5C8 Initialized Data    STRINGTHEORY_DATA
  441B3C       C0 Initialized Data    UDOVERVIEW001_CONST
  441BFC      28C Initialized Data    UDOVERVIEW001_DATA
  441E88      3DD Initialized Data    UDOVERVIEW002_CONST
  442268     1648 Initialized Data    UDOVERVIEW002_DATA
  4438B0       69 Initialized Data    UDOVERVIEW003_CONST
  44391C      28C Initialized Data    UDOVERVIEW003_DATA
  443BA8       40 Initialized Data    UDOVERVIEW_CONST
  443BE8      31E Initialized Data    UDOVERVIEW_DATA
  443F08      328 Initialized Data    ULTIMATEDEBUG_CONST
  444230      3B5 Initialized Data    ULTIMATEDEBUG_DATA
  4445E8        0 Initialized Data    __CPPINI_CONS
  4445E8      2A0 Initialized Data    __CPPINI_CONST
  444888        4 Initialized Data    __CPPINI_END
  44488C        0 Initialized Data    __INIVMT_CONS
  44488C       E8 Initialized Data    __INIVMT_CONST
  444974        0 Initialized Data    __INIVMT_CONST_END
  444980     1623 Un-initialized Data $FUZZYMATCHER_BSS
  445FA4       40 Un-initialized Data ABEIP_BSS
  445FE4      404 Un-initialized Data ABERROR_BSS
  4463E8       10 Un-initialized Data ABFILE_BSS
  4463F8        4 Un-initialized Data ABFUZZY_BSS
  4463FC      104 Un-initialized Data ABUTIL_BSS
  446500       24 Un-initialized Data STRINGTHEORY_BSS
  446524      374 Un-initialized Data UDOVERVIEW_BSS
  446898        0 Un-initialized Data ULTIMATEDEBUG_BSS
  447000        8 __T_L_S__DAT
  447008       FC __T_L_S__DATA
  447104        0 __T_L_S__DATA_END
  447110        0 __T_L_S__BS
  447110     1E48 __T_L_S__BSS
  448F58        0 __T_L_S__BSS_END

  401628 KILL_@_WINDOWCOMPONENT_@_HISTHANDLERCLASS@F15WINDOWCOMPONENT
  401648 RESET_@_WINDOWCOMPONENT_@_HISTHANDLERCLASS@F15WINDOWCOMPONENTUc
  401670 RESETREQUIRED_@_WINDOWCOMPONENT_@_HISTHANDLERCLASS@F15WINDOWCOMPONENT
  401690 SETALERTS_@_WINDOWCOMPONENT_@_HISTHANDLERCLASS@F15WINDOWCOMPONENT
  4016B0 TAKEEVENT_@_WINDOWCOMPONENT_@_HISTHANDLERCLASS@F15WINDOWCOMPONENT
  4016DC UPDATE_@_WINDOWCOMPONENT_@_HISTHANDLERCLASS@F15WINDOWCOMPONENT
  4016FC UPDATEWINDOW_@_WINDOWCOMPONENT_@_HISTHANDLERCLASS@F15WINDOWCOMPONENT
  40172C VLBPROC@F16HISTHANDLERCLASSls
  401838 TAKEEVENT@F16HISTHANDLERCLASS
  401928 INIT@F16HISTHANDLERCLASSBw10ERRORCLASS16ERRORHISTORYLIST
  401970 _VLBPROC@F16HISTHANDLERCLASSls
  4019BC TAKEACCEPTED@F11MSGBOXCLASS
  401A1C SETUPADDITIONALFEQS@F11MSGBOXCLASS
  401AC4 KILL@F11MSGBOXCLASS
  401B2C INIT@F11MSGBOXCLASS
  401E3C INIT@F11MSGBOXCLASSBw10ERRORCLASSOsbllll
  401F0C FETCHSTDBUTTON@F11MSGBOXCLASSs
  401F84 GETALLSTATUSVARIABLES@F10ERRORCLASS16ERRORSTATUSGROUP
  40200C GETERRORBUFFERFATALITY@F10ERRORCLASS
  402088 GETERRORBUFFERTITLE@F10ERRORCLASS
  40210C GETERRORBUFFERID@F10ERRORCLASS
  40217C STOREERRORENTRY@F10ERRORCLASSUs
  40231C GETHISTORYRESETONVIEW@F10ERRORCLASS
  402380 SETHISTORYRESETONVIEW@F10ERRORCLASSUc
  4023EC GETHISTORYVIEWLEVEL@F10ERRORCLASS
  402450 SETHISTORYVIEWLEVEL@F10ERRORCLASSl
  4024BC GETHISTORYTHRESHOLD@F10ERRORCLASS
  402520 SETHISTORYTHRESHOLD@F10ERRORCLASSl
  40258C GETLOGERRORS@F10ERRORCLASS
  4025F0 GETSILENT@F10ERRORCLASS
  402654 SETDEFAULTCATEGORY@F10ERRORCLASSsa
  4026C0 GETDEFAULTCATEGORY@F10ERRORCLASS
  402724 VIEWHISTORY@F10ERRORCLASS
  402798 THROW@F10ERRORCLASSs
  4027D4 TAKEUSER@F10ERRORCLASS
  402854 TAKEPROGRAM@F10ERRORCLASS
  402880 TAKEOTHER@F10ERRORCLASS
  4028AC TAKENOTIFY@F10ERRORCLASS
  40291C TAKEFATAL@F10ERRORCLASS
  4029BC TAKEERROR@F10ERRORCLASSs
  402BC4 TAKEBENIGN@F10ERRORCLASS
  402BE4 SUBSSTRING@F10ERRORCLASS
  403018 SETPROCEDURENAME@F10ERRORCLASSOsb
  403110 GETERRORENTRY@F10ERRORCLASSUs15ERRORENTRYGROUPl
  4031D0 GETERRORENTRY@F10ERRORCLASSUs15ERRORENTRYGROUP
  403248 SETID@F10ERRORCLASSUsl
  4032DC SETID@F10ERRORCLASSUs
  403350 SETERRORS@F10ERRORCLASS
  403428 SETERRORLOG@F10ERRORCLASS17ERRORLOGINTERFACE
  403520 SETCATEGORY@F10ERRORCLASSssa
  4035CC RESETHISTORY@F10ERRORCLASS
  403648 REMOVEERROR@F10ERRORCLASSUs
  403700 MESSAGEBOX@F10ERRORCLASSUcsbOsbOsblll
  4037A4 MSG@F10ERRORCLASSsbOsbOsblll
  403B90 MESSAGE@F10ERRORCLASSsll
  403C38 KILL@F10ERRORCLASS
  403D18 INIT@F10ERRORCLASS16ERRORSTATUSCLASS
  403D94 INIT@F10ERRORCLASS
  403EC4 HISTORYMSG@F10ERRORCLASSsblll
  404098 GETPROCEDURENAME@F10ERRORCLASS
  4041EC GETCATEGORY@F10ERRORCLASSs
  4042B8 ADDHISTORY@F10ERRORCLASS
  404364 ADDERRORS@F10ERRORCLASS10ERRORBLOCK
  4045CC ADDERROR@F10ERRORCLASSUsRsbRsbUcsa
  404704 DESTRUCT@F10ERRORCLASS
  404740 CONSTRUCT@F10ERRORCLASS
  404778 DESTRUCT@F16ERRORSTATUSCLASS
  4047D0 CONSTRUCT@F16ERRORSTATUSCLASS
  404958 CLOSE_@_ERRORLOGINTERFACE_@_STANDARDERRORLOGCLASS@F17ERRORLOGINTERFACEUc
  404988 OPEN_@_ERRORLOGINTERFACE_@_STANDARDERRORLOGCLASS@F17ERRORLOGINTERFACEUc
  4049B8 TAKE_@_ERRORLOGINTERFACE_@_STANDARDERRORLOGCLASS@F17ERRORLOGINTERFACEsb
  404A70 CLOSE@F21STANDARDERRORLOGCLASSUc
  404B0C OPEN@F21STANDARDERRORLOGCLASSUc
  404BD0 DESTRUCT@F21STANDARDERRORLOGCLASS
  404BFC CONSTRUCT@F21STANDARDERRORLOGCLASS
  404C58 DESTRUCT@F12FILESMANAGER
  404CC4 CONSTRUCT@F12FILESMANAGER
  404D18 TRYREGET@F11FILEMANAGERsb
  404DD8 POSITION@F11FILEMANAGER
  404E74 SETOPTION@F10FUZZYCLASSUcUc
  404F0C KILL@F10FUZZYCLASS
  404F2C INIT@F10FUZZYCLASS
  404F64 CONSTRUCT@F10FUZZYCLASS
  405104 TAKERESIZE@F17WINDOWRESIZECLASS
  405130 KILL@F17WINDOWRESIZECLASS
  4051E8 TAKEEVENT@F12TOOLBARCLASSPl13WINDOWMANAGER
  405264 SETTARGET@F12TOOLBARCLASSl
  405378 KILL@F12TOOLBARCLASS
  4053AC INIT@F12TOOLBARCLASS
  4053EC DISPLAYBUTTONS@F12TOOLBARCLASS
  40544C SETMASK@F15SELECTFILECLASSsbsb
  405540 SETMASK@F15SELECTFILECLASSsb
  4055A8 ASK@F15SELECTFILECLASSUc
  405750 ADDMASK@F15SELECTFILECLASSsbsb
  405844 ADDMASK@F15SELECTFILECLASSsb
  405914 INIT@F15SELECTFILECLASS
  405960 UPDATEQUEUE@F8INICLASSsbsbBqRuPuPuPu
  405B9C UPDATE@F8INICLASSsbsbsb
  405C6C UPDATE@F8INICLASSsbBw
  405E50 UPDATE@F8INICLASS
  405E70 TRYFETCH@F8INICLASSsbsb
  405EF8 REMOVE@F8INICLASSsbsb
  406098 KILL@F8INICLASS
  4061EC INIT@F8INICLASSsbll
  406338 FETCHQUEUE@F8INICLASSsbsbBqRuPuPuPu
  4065B4 FETCHFIELD@F8INICLASSsbsbUc
  406750 FETCH@F8INICLASSsbsbRu
  406828 FETCH@F8INICLASSsbBw
  406A90 FETCH@F8INICLASSsbsb
  406C28 FETCH@F8INICLASS
  406C48 UPDATEWINDOWINFO@F8INICLASSsb10WINDOWINFO
  406EDC FETCHWINDOWINFO@F8INICLASSsb10WINDOWINFO
  407170 UPDATE@F8INICLASSsbsbsbsb
  407384 FETCH@F8INICLASSsbsbsbsb
  4075D8 DESTRUCT@F8INICLASS
  407614 CONSTRUCT@F8INICLASS
  407754 SAVEONINSERTACTION@F13WINDOWMANAGER
  407840 SAVEONCHANGEACTION@F13WINDOWMANAGER
  4079A8 DELETEACTION@F13WINDOWMANAGER
  407BB4 CHANGEACTION@F13WINDOWMANAGER
  407FDC INSERTACTION@F13WINDOWMANAGER
  40824C TAKEDISABLEBUTTON@F13WINDOWMANAGERlUc
  4082A4 UPDATE@F13WINDOWMANAGER
  408310 TAKEWINDOWEVENT@F13WINDOWMANAGER
  40856C TAKESELECTED@F13WINDOWMANAGER
  40858C TAKEREJECTED@F13WINDOWMANAGER
  4085E4 TAKENOTIFY@F13WINDOWMANAGERlll
  40861C TAKENEWSELECTION@F13WINDOWMANAGER
  4086B4 TAKEFIELDEVENT@F13WINDOWMANAGER
  4086D4 TAKEEVENT@F13WINDOWMANAGER
  4088CC TAKECLOSEEVENT@F13WINDOWMANAGER
  408AD4 TAKECOMPLETED@F13WINDOWMANAGER
  408C08 TAKEACCEPTED@F13WINDOWMANAGER
  408D50 SETRESPONSE@F13WINDOWMANAGERUc
  408DC0 SETALERTS@F13WINDOWMANAGER
  408EA8 SAVEHISTORY@F13WINDOWMANAGER
  408F84 RUN@F13WINDOWMANAGERUsUc
  408FB8 RUN@F13WINDOWMANAGER
  409018 RESTOREFIELD@F13WINDOWMANAGERl
  40912C RESETBUFFERS@F13WINDOWMANAGERUc
  4091AC RESET@F13WINDOWMANAGERUc
  409274 PRIMEUPDATE@F13WINDOWMANAGER
  409434 PRIMEFIELDS@F13WINDOWMANAGER
  409454 POSTCOMPLETED@F13WINDOWMANAGER
  409518 OPEN@F13WINDOWMANAGERBwBw
  40958C OPEN@F13WINDOWMANAGER
  4095EC MODALEVENT@F13WINDOWMANAGER
  40971C KILL@F13WINDOWMANAGER
  4098E8 INIT@F13WINDOWMANAGER
  4099A0 ASK@F13WINDOWMANAGER
  409A20 ADDITEM@F13WINDOWMANAGER15WINDOWCOMPONENT
  409AA0 ADDITEM@F13WINDOWMANAGER12TOOLBARCLASS
  409ADC DISABLECANCELCONTROLS@F13WINDOWMANAGER
  409B5C ENABLECANCELCONTROLS@F13WINDOWMANAGER
  409BDC RELEASE@F15CRITICALSECTION
  409C10 WAIT@F15CRITICALSECTION
  409C44 DESTRUCT@F15CRITICALSECTION
  409C78 CONSTRUCT@F15CRITICALSECTION
  409CA8 KILL@F17CRITICALPROCEDURE
  409CF0 INIT@F17CRITICALPROCEDURE11ISYNCOBJECT
  409D3C DESTRUCT@F17CRITICALPROCEDURE
  409D64 CONSTRUCT@F17CRITICALPROCEDURE
  409D8C CONSTRUCT@F15ENTERBYTABCLASS
  409DD0 DESTRUCT@F15ENTERBYTABCLASS
  409E30 PRESSKEY@F15ENTERBYTABCLASSl
  409EB4 TAKEEVENT@F15ENTERBYTABCLASS
  40A1FC INIT@F15ENTERBYTABCLASSUc
  40AE40 __thr_inst0
  40AE50 __thr_init_entry
  40AE70 __thr_init_exit
  40B070 ONSETCLASSNAME@F21CSRESIZEANDSPLITCLASSsb
  40B0E0 ERS_GETDRAWMODE@FBwl
  40B110 ERS$GetPositionW
  40B21C ERS$GetPosition
  40B2DC ERS$SetPosition
  40B33C DESTROYTHUNK@FRl
  40B384 MYWINDOWPROCEDURE
  40B3DC DOWN@F17CSSPLITIMAGECLASS
  40B44C LOSEFOCUS@F17CSSPLITIMAGECLASS
  40B4F0 GAINFOCUS@F17CSSPLITIMAGECLASS
  40B560 POSITION@F17CSSPLITIMAGECLASS8ERS_RECT
  40B7F0 RESIZE@F17CSSPLITIMAGECLASS
  40B904 INIT@F17CSSPLITIMAGECLASS12CSSPLITCLASSsb
  40BC48 MOVED@F13CSHSPLITCLASSll
  40BDD8 CALCULATESCOPE@F13CSHSPLITCLASS
  40C0C4 UPDATE@F13CSHSPLITCLASS
  40C184 FETCH@F13CSHSPLITCLASS
  40C2B8 RESIZE@F13CSHSPLITCLASS
  40D12C INITCONTROL@F13CSHSPLITCLASSlUc
  40D294 INIT@F13CSHSPLITCLASS
  40D910 CONSTRUCT@F13CSHSPLITCLASS
  40D964 MOVED@F13CSVSPLITCLASSll
  40DAF4 CALCULATESCOPE@F13CSVSPLITCLASS
  40DDF0 UPDATE@F13CSVSPLITCLASS
  40DEB0 FETCH@F13CSVSPLITCLASS
  40DFE4 RESIZE@F13CSVSPLITCLASS
  40EE60 INITCONTROL@F13CSVSPLITCLASSlUc
  40EFC8 INIT@F13CSVSPLITCLASS
  40F634 CONSTRUCT@F13CSVSPLITCLASS
  40F688 SETDOWNPOS@F12CSSPLITCLASSl
  40F6B8 GETDOWNPOS@F12CSSPLITCLASS
  40F6DC GETUPPOS@F12CSSPLITCLASS
  40F700 ALIGNMENT@F12CSSPLITCLASSll13QALIGNMENTERS
  40F824 ALIGNMENTRESIZE@F12CSSPLITCLASSll
  40F868 ALIGNMENTMOVE@F12CSSPLITCLASSll
  40F8AC ISMOVED@F12CSSPLITCLASS
  40F8D0 DOWN@F12CSSPLITCLASS
  40F90C LOSEFOCUS@F12CSSPLITCLASS
  40F954 GAINFOCUS@F12CSSPLITCLASS
  40F988 RESIZE@F12CSSPLITCLASS
  40F9CC CHANGECONTROL@F12CSSPLITCLASSlll
  40FA54 DELETECONTROL@F12CSSPLITCLASSl
  40FAB0 PROCESSMESSAGE@F12CSSPLITCLASSllll
  40FD4C INVERT@F12CSSPLITCLASSl8ERS_RECTUc
  40FF68 RESIZEDCONTROL@F12CSSPLITCLASSl
  40FFA4 MOVEDCONTROL@F12CSSPLITCLASSl
  40FFE0 INITFIXEDCONTROLS@F12CSSPLITCLASSll
  410020 INIT@F12CSSPLITCLASSsb13CSRESIZECLASSlsbUc
  41028C DESTRUCT@F12CSSPLITCLASS
  410430 CONSTRUCT@F12CSSPLITCLASS
  410494 RESETSETTING@F13CSRESIZECLASS
  410554 TAKEEVENT@F13CSRESIZECLASS
  410710 OPEN@F13CSRESIZECLASS
  410794 ISSIZED@F13CSRESIZECLASS
  4108CC GETHCONTROLWND@F13CSRESIZECLASSl
  410958 GETCONTROL@F13CSRESIZECLASSl
  4109B8 DELETECONTROL@F13CSRESIZECLASSl
  410A68 CHANGECONTROL@F13CSRESIZECLASSlll
  410BF4 UPDATE@F13CSRESIZECLASSsbsbsb
  410C48 FETCH@F13CSRESIZECLASSsbsbRu
  410C94 UPDATE@F13CSRESIZECLASS
  410D10 FETCH@F13CSRESIZECLASS
  410D94 RESET@F13CSRESIZECLASS
  410F10 SIZED@F13CSRESIZECLASS
  4117CC RESIZE@F13CSRESIZECLASS
  411C60 REGISTER@F13CSRESIZECLASS12CSSPLITCLASS
  411CB0 FILLRECORD@F13CSRESIZECLASS
  411DCC STRATEGY@F13CSRESIZECLASSll
  411E78 STRATEGY@F13CSRESIZECLASSldddd
  411FBC DRAWHANDLEDOTS@F13CSRESIZECLASS
  412118 DRAWHANDLELINES@F13CSRESIZECLASS
  4122F0 DRAWHANDLE@F13CSRESIZECLASS
  41234C GRABCORNERLINES@F13CSRESIZECLASS
  4125B4 INIT@F13CSRESIZECLASSsbBwUcl
  412900 PROCESSMESSAGE@F13CSRESIZECLASSllll
  412A00 DESTRUCT@F13CSRESIZECLASS
  412A80 CONSTRUCT@F13CSRESIZECLASS
  412B0C RESETSETTING@F21CSRESIZEANDSPLITCLASS
  412B40 OPEN@F21CSRESIZEANDSPLITCLASS
  412B68 GETPOSITION@F21CSRESIZEANDSPLITCLASSl8ERS_RECTl
  412C1C ADDCONTROL@F21CSRESIZEANDSPLITCLASSl8ERS_RECTl
  412CB0 RESET@F21CSRESIZEANDSPLITCLASS
  412CD0 RESIZE@F21CSRESIZEANDSPLITCLASS
  413040 INIT@F21CSRESIZEANDSPLITCLASS
  413060 INITIALIZE@F21CSRESIZEANDSPLITCLASSBw
  4130EC DESTRUCT@F21CSRESIZEANDSPLITCLASS
  413134 CONSTRUCT@F21CSRESIZEANDSPLITCLASS
  413170 PROCESSMESSAGE@F24CSRESIZEANDSPLITIMMCLASSllll
  4132EC KILLSUBPROC@F25CSRESIZEANDSPLITBASECLASS
  413338 PROCESSMESSAGE@F25CSRESIZEANDSPLITBASECLASSllll
  41339C INITSUBPROC@F25CSRESIZEANDSPLITBASECLASSl
  4134C4 TRACE@F25CSRESIZEANDSPLITBASECLASSsb
  413550 DESTRUCT@F25CSRESIZEANDSPLITBASECLASS
  413D20 MONITOR@F17SDKODSMESSAGEPUMPll
  413DCC GETPROCESSNAME@F17SDKODSMESSAGEPUMPl
  41402C DATAOUT@F17SDKODSMESSAGEPUMP14SDKODSMESSAGEQ
  4140DC DATAIN@F17SDKODSMESSAGEPUMP13SDKODSMESSAGE
  414308 DESTRUCT@F17SDKODSMESSAGEPUMP
  414370 CONSTRUCT@F17SDKODSMESSAGEPUMP
  414D6C SORTCASEINSENSITIVE@F14LINESGROUPTYPE14LINESGROUPTYPE
  414E30 SORTLENGTH@F14LINESGROUPTYPE14LINESGROUPTYPE
  414EE0 SORTCASESENSITIVE@F14LINESGROUPTYPE14LINESGROUPTYPE
  414F5C ENDSWITH@F12STRINGTHEORYsbll
  4150EC STARTSWITH@F12STRINGTHEORYsbll
  41524C FORMATTIME@F12STRINGTHEORYlsb
  4160C4 FORMATTIME@F12STRINGTHEORYsb
  4161AC DEFORMATTIME@F12STRINGTHEORY
  4168B0 DEFORMATTIME@F12STRINGTHEORYsb
  41695C ISTIME@F12STRINGTHEORY
  416A74 ISTIME@F12STRINGTHEORYsb
  416B18 LINEENDINGS@F12STRINGTHEORYl
  416D2C MERGEXML@F12STRINGTHEORYsbl
  41706C GUNZIP@F12STRINGTHEORY
  4173D0 GZIP@F12STRINGTHEORYl
  417800 LOADNORMALIZE@F12STRINGTHEORY
  417948 LOADLIBS@F12STRINGTHEORY
  417B68 PEEKRAM@F12STRINGTHEORYUll
  417D14 CLEANFILENAME@F12STRINGTHEORYOsbOsb
  417F4C URLDECODE@F12STRINGTHEORYOsbOsb
  41848C URLENCODE@F12STRINGTHEORYlOsbOsb
  418BA4 COLORFROMHEX@F12STRINGTHEORYsb
  418D98 COLORTOHEX@F12STRINGTHEORYll
  418E68 FINDCHARS@F12STRINGTHEORYsbllOsb
  418F34 FINDCHARS@F12STRINGTHEORYRsbllOsb
  4190A4 FINDCHAR@F12STRINGTHEORYsbllOsb
  4191E0 UNQUOTE@F12STRINGTHEORYOsbOsb
  419380 QUOTE@F12STRINGTHEORYOsbOsb
  4195FC INSERT@F12STRINGTHEORYlsb
  4197E8 SETSLICE@F12STRINGTHEORYUlUlsb
  41996C STR@F12STRINGTHEORYRsb
  419A24 STR@F12STRINGTHEORYsb
  419ADC STR@F12STRINGTHEORY
  419B70 REVERSEBYTEORDER@F12STRINGTHEORY
  419BA0 LITTLEENDIAN@F12STRINGTHEORYUl
  419BD8 BIGENDIAN@F12STRINGTHEORYUl
  419C10 SWITCHENDIAN@F12STRINGTHEORYUl
  419C5C LITTLEENDIAN@F12STRINGTHEORY
  419CAC BIGENDIAN@F12STRINGTHEORY
  419CFC _SWITCHENDIAN@F12STRINGTHEORY
  419DD0 KEEPCHARS@F12STRINGTHEORYsb
  419F30 REMOVECHARS@F12STRINGTHEORYsb
  41A098 ISALL@F12STRINGTHEORYsbOsbl
  41A218 CONTAINSA@F12STRINGTHEORYsbOsbl
  41A408 ISALLDIGITS@F12STRINGTHEORY
  41A460 CONTAINSADIGIT@F12STRINGTHEORY
  41A4B8 SQUEEZE@F12STRINGTHEORYlOsb
  41A6A8 SETALL@F12STRINGTHEORYl
  41A758 ALL@F12STRINGTHEORYl
  41A804 SETRIGHT@F12STRINGTHEORYllOsb
  41A894 RIGHT@F12STRINGTHEORYllOsb
  41AB34 SETLEFT@F12STRINGTHEORYllOsb
  41ABC4 LEFT@F12STRINGTHEORYllOsb
  41AE8C REVERSE@F12STRINGTHEORY
  41AF84 REVERSE@F12STRINGTHEORYsb
  41B030 TRIM@F12STRINGTHEORY
  41B0C8 CLIP@F12STRINGTHEORY
  41B120 REMOVE@F12STRINGTHEORYsbOsblll
  41B378 DECENTITYTOCHAR@F12STRINGTHEORY
  41B68C HTMLENTITYTODEC@F12STRINGTHEORY
  41D49C REMOVEXMLPREFIXES@F12STRINGTHEORY
  41D620 REMOVEATTRIBUTES@F12STRINGTHEORYsb
  41D7EC COUNTWORDS@F12STRINGTHEORYllOsb
  41D8D0 WORDEND@F12STRINGTHEORYllOsb
  41DD68 WORDSTART@F12STRINGTHEORYlllOsb
  41E150 GETWORD@F12STRINGTHEORYlllOsb
  41E1D8 FINDWORD@F12STRINGTHEORYlllRlRlOsb
  41E490 GETBYTES@F12STRINGTHEORYRusbl
  41EA14 SETBYTES@F12STRINGTHEORYRusbl
  41EEC8 GETBYTES@F12STRINGTHEORYRspl
  41EF30 GETBYTES@F12STRINGTHEORYRsbl
  41EF98 GETBYTES@F12STRINGTHEORYRscl
  41F000 GETBYTES@F12STRINGTHEORYRel
  41F06C GETBYTES@F12STRINGTHEORYRdl
  41F0C8 GETBYTES@F12STRINGTHEORYRfl
  41F124 GETBYTES@F12STRINGTHEORYRUll
  41F180 GETBYTES@F12STRINGTHEORYRll
  41F1CC GETBYTES@F12STRINGTHEORYRUsl
  41F228 GETBYTES@F12STRINGTHEORYRsl
  41F284 GETBYTES@F12STRINGTHEORYRUcl
  41F2E0 SETBYTES@F12STRINGTHEORYRsp
  41F334 SETBYTES@F12STRINGTHEORYRsb
  41F378 SETBYTES@F12STRINGTHEORYRsc
  41F3C4 SETBYTES@F12STRINGTHEORYRe
  41F444 SETBYTES@F12STRINGTHEORYRd
  41F484 SETBYTES@F12STRINGTHEORYRf
  41F4C4 SETBYTES@F12STRINGTHEORYRUl
  41F504 SETBYTES@F12STRINGTHEORYRl
  41F544 SETBYTES@F12STRINGTHEORYRUs
  41F584 SETBYTES@F12STRINGTHEORYRs
  41F5C4 SETBYTES@F12STRINGTHEORYRUc
  41F604 FROMBYTES@F12STRINGTHEORYRsbRspl
  41F664 FROMBYTES@F12STRINGTHEORYRsbRsbl
  41F6C4 FROMBYTES@F12STRINGTHEORYRsbRscl
  41F724 FROMBYTES@F12STRINGTHEORYRsbRel
  41F7AC FROMBYTES@F12STRINGTHEORYRsbRdl
  41F81C FROMBYTES@F12STRINGTHEORYRsbRfl
  41F88C FROMBYTES@F12STRINGTHEORYRsbRUll
  41F8FC FROMBYTES@F12STRINGTHEORYRsbRll
  41F96C FROMBYTES@F12STRINGTHEORYRsbRUsl
  41F9DC FROMBYTES@F12STRINGTHEORYRsbRsl
  41FA4C FROMBYTES@F12STRINGTHEORYRsbRUcl
  41FABC TOBYTES@F12STRINGTHEORYRsbRsbl
  41FB1C TOBYTES@F12STRINGTHEORYRspRsbl
  41FB84 TOBYTES@F12STRINGTHEORYRscRsbl
  41FBE4 TOBYTES@F12STRINGTHEORYReRsbl
  41FC4C TOBYTES@F12STRINGTHEORYRdRsbl
  41FCE0 TOBYTES@F12STRINGTHEORYRfRsbl
  41FD74 TOBYTES@F12STRINGTHEORYRUlRsbl
  41FE08 TOBYTES@F12STRINGTHEORYRlRsbl
  41FE9C TOBYTES@F12STRINGTHEORYRUsRsbl
  41FF2C TOBYTES@F12STRINGTHEORYRsRsbl
  41FFBC TOBYTES@F12STRINGTHEORYRUcRsbl
  42004C STRCPY@F12STRINGTHEORYRsbRsbl
  420128 WRAPTEXT@F12STRINGTHEORYlll
  4207D0 FROMHEX@F12STRINGTHEORY
  420960 TOHEX@F12STRINGTHEORYl
  420B00 HEXTOSTRING@F12STRINGTHEORYsb
  420C8C STRINGTOHEX@F12STRINGTHEORYsbll
  420DF4 LONGTOHEX@F12STRINGTHEORYl
  420EAC HEXTOBYTE@F12STRINGTHEORYsb
  420F34 BYTETOHEX@F12STRINGTHEORYUc
  420FC0 BASETODEC@F12STRINGTHEORYsbl
  4210D8 DECTOBASE@F12STRINGTHEORYlll
  421234 NORMALIZE@F12STRINGTHEORYll
  421478 UTF16TOUTF8CHAR@F12STRINGTHEORYsbRl
  421684 DECODEHEXINLINE@F12STRINGTHEORYsblUl
  421878 DECODEHEXINLINE@F12STRINGTHEORYUl
  4218F0 TOUNICODE@F12STRINGTHEORYlUl
  421B9C TOANSI@F12STRINGTHEORYlUl
  421EBC APIANSITOUTF8@F12STRINGTHEORYRsbRl
  421F18 APIUTF8TOANSI@F12STRINGTHEORYRsbRl
  421F74 ANSITOUTF8@F12STRINGTHEORYRsbRlUl
  422074 UTF8TOANSI@F12STRINGTHEORYRsbRlUl
  422154 UTF16TO8@F12STRINGTHEORYRsbRll
  4222F0 UTF8TO16@F12STRINGTHEORYRsbRl
  422458 UTF16TOANSI@F12STRINGTHEORYRsbRllUl
  4225EC ANSITOUTF16@F12STRINGTHEORYRsbRlUl
  42275C FROMBLOB@F12STRINGTHEORYBb
  422880 TOBLOB@F12STRINGTHEORYBb
  4229E8 AFTER@F12STRINGTHEORYsblll
  422B00 FINDBETWEEN@F12STRINGTHEORYsbsbRlRlll
  422D34 BETWEEN@F12STRINGTHEORYsbsbllll
  422DC4 BEFORE@F12STRINGTHEORYsblll
  422E94 ADDBOM@F12STRINGTHEORYl
  42302C SETENCODINGFROMBOM@F12STRINGTHEORYl
  423184 SAVEFILEA@F12STRINGTHEORYsbsbl
  4231FC SAVEFILE@F12STRINGTHEORYRsbsbll
  42348C SAVEFILE@F12STRINGTHEORYsbl
  4235A8 LOADFILE@F12STRINGTHEORYsblll
  423978 PATHONLY@F12STRINGTHEORYOsb
  423B30 FILENAMEONLY@F12STRINGTHEORYOsbl
  423FA8 LOWER@F12STRINGTHEORYOsbOsb
  424220 UPPER@F12STRINGTHEORYOsbOsb
  424498 TRACE@F12STRINGTHEORYOsb
  424640 TOCSTRING@F12STRINGTHEORY
  424778 SUB@F12STRINGTHEORYUlUl
  424954 FILTER@F12STRINGTHEORYsbsb
  424AE0 SPLITEVERY@F12STRINGTHEORYl
  424C78 SORT@F12STRINGTHEORYl
  424CE8 SORT@F12STRINGTHEORYlsbOsbOsbll
  424DEC SPLIT@F12STRINGTHEORYsbOsbOsblllOsbl
  425A3C SLICE@F12STRINGTHEORYUlUl
  425B7C SETLENGTH@F12STRINGTHEORYll
  425DB0 REPLACE@F12STRINGTHEORYsbsblllll
  426B80 RECORDS@F12STRINGTHEORY
  426BB8 MAKEGUID@F12STRINGTHEORYll
  426C10 RANDOM@F12STRINGTHEORYllOsb
  4271A0 PREPEND@F12STRINGTHEORYsblOsb
  427498 MD5@F12STRINGTHEORYl
  427570 _MALLOC@F12STRINGTHEORYlll
  427794 CHARS@F12STRINGTHEORYlOsb
  4279A8 LEN@F12STRINGTHEORY
  4279D8 LENGTHA@F12STRINGTHEORY
  427A08 LENGTH@F12STRINGTHEORY
  427B14 _JOINA@F12STRINGTHEORYsbOsbOsb
  428144 JOIN@F12STRINGTHEORYsbOsbOsb
  4288BC REMOVELINES@F12STRINGTHEORYOsb
  4289D8 DELETELINE@F12STRINGTHEORYl
  428A64 ADDLINE@F12STRINGTHEORYlsb
  428B88 SETLINE@F12STRINGTHEORYlsb
  428D00 INLINE@F12STRINGTHEORYsbllllll
  428F30 GETBUFFERLENGTH@F12STRINGTHEORY
  428F68 GETLINE@F12STRINGTHEORYl
  429074 GETVAL@F12STRINGTHEORY
  4290A8 GETVALUE@F12STRINGTHEORYl
  42929C GETVALUE@F12STRINGTHEORY
  429410 FORMATMESSAGE@F12STRINGTHEORYl
  42948C EXTENSIONONLY@F12STRINGTHEORYOsb
  4296B0 ERRORTRAP@F12STRINGTHEORYsbsb
  4297E0 CAPITALIZE@F12STRINGTHEORYlllOsb
  429A70 COUNT@F12STRINGTHEORYsbllllll
  429C2C INSTRING@F12STRINGTHEORYsblllll
  42A078 CROP@F12STRINGTHEORYUlUl
  42A0CC CLIPLENGTH@F12STRINGTHEORY
  42A158 CLIPLEN@F12STRINGTHEORY
  42A184 FREELINES@F12STRINGTHEORY
  42A204 FREE@F12STRINGTHEORYll
  42A2D4 XMLDECODE@F12STRINGTHEORY
  42A3B8 XMLENCODE@F12STRINGTHEORYl
  42A4A0 JSONDECODE@F12STRINGTHEORY
  42A6C8 JSONENCODE@F12STRINGTHEORYl
  42A944 ENCODEDWORDENCODE@F12STRINGTHEORYOsbl
  42AB1C ENCODEDWORDDECODE@F12STRINGTHEORY
  42B030 QUOTEDPRINTABLEDECODE@F12STRINGTHEORY
  42B0C4 QUOTEDPRINTABLEENCODE@F12STRINGTHEORY
  42B2E0 BASE64DECODE@F12STRINGTHEORYRsbRl
  42B56C BASE64DECODE@F12STRINGTHEORY
  42B600 BASE64ENCODE@F12STRINGTHEORYRsbRl
  42BB3C BASE64ENCODE@F12STRINGTHEORYl
  42BD2C SETVALUE@F12STRINGTHEORYRsbl
  42BF9C GETVALUEPTR@F12STRINGTHEORY
  42C040 ABBREVIATE@F12STRINGTHEORYlll
  42C200 ASSIGN@F12STRINGTHEORYsb
  42C248 ASSIGN@F12STRINGTHEORYRsb
  42C28C _SETVALUEPOINTER@F12STRINGTHEORYllll
  42C374 _GETNEXTBUFFERSIZE@F12STRINGTHEORYl
  42C444 SETVALUE@F12STRINGTHEORYsbl
  42C490 CAT@F12STRINGTHEORYRsbl
  42C550 CAT@F12STRINGTHEORYsbl
  42C59C APPEND@F12STRINGTHEORYRsblOsb
  42C740 APPEND@F12STRINGTHEORYsblOsb
  42C808 APPENDBINARY@F12STRINGTHEORYll
  42C84C APPENDA@F12STRINGTHEORYsblOsb
  42C914 START@F12STRINGTHEORY
  42C9A0 CONSTRUCT@F12STRINGTHEORY
  42C9E8 DESTRUCT@F12STRINGTHEORY
  42DEA4 UDOVERVIEW001$SETTINGS@F
  438340 MAIN@F
  439A14 UDOVERVIEW003$ABOUT@F
  439BBC UDOVERVIEW_BC0$UDOVERVIEW_BC0:FILESINIT@F
  439BD4 UDOVERVIEW_BC0$UDOVERVIEW_BC0:DCTKILL@F
  439BEC UDOVERVIEW_BC0$UDOVERVIEW_BC0:DCTINIT@F
  439C04 DCTKILL@F
  439C20 DCTINIT@F
  439C40 _main
  439DE8 DESTRUCT@F10DICTIONARY
  439E0C CONSTRUCT@F10DICTIONARY
  439E38 MYENDSESSIONHANDLER
  439E50 MYOKTOENDSESSIONHANDLER
  43A6B0 ENDTEMPORARYPREFIX@F13ULTIMATEDEBUG
  43A734 BEGINTEMPORARYPREFIX@F13ULTIMATEDEBUGsb
  43A7B0 SHOWPROCEDUREINFO@F13ULTIMATEDEBUGsbsbsbsbsbsb
  43AAD4 SETPURGETIME@F13ULTIMATEDEBUGl
  43AB38 SETEVENTOFFSET@F13ULTIMATEDEBUG
  43AB9C SETAPPLICATIONNAME@F13ULTIMATEDEBUGsbsb
  43AD44 SENDOUTPUTTODEBUG@F13ULTIMATEDEBUGsbOsbUc
  43AE30 HUNTFOROFFSET@F13ULTIMATEDEBUG
  43B1B4 GETUSEREVENT@F13ULTIMATEDEBUGl
  43B25C GETEVENTDESCR@F13ULTIMATEDEBUGl
  43B43C FORMATMESSAGELIST@F13ULTIMATEDEBUGsbBq
  43B594 DESTRUCT@F13ULTIMATEDEBUG
  43B75C DEBUGQUEUE@F13ULTIMATEDEBUGBqOsbOUc
  43BB24 DEBUG@F13ULTIMATEDEBUGsbOsbUcUc
  43C268 CONSTRUCT@F13ULTIMATEDEBUG
  43C388 CALCSTARDATE@F13ULTIMATEDEBUGOlOl
  43C410 INIT@F13ULTIMATEDEBUGOsbPg
  43D000 $DEFAULTERRORS
  43E2B4 TYPE$COLORMAP
  43E2E0 TCB$COLORMAP
  43E598 STDERRORFILE$TYPE$RECORD
  43E5B0 $STDERRORFILE
  43E62C TYPE$PNQ
  43E64C TYPE$DEFAULTERRORS
  43E8CC TYPE$HISTHANDLERCLASS
  43E914 VMT$HISTHANDLERCLASS
  43E944 TYPE$MSGBOXCLASS
  43EBBC VMT$MSGBOXCLASS
  43EC44 TYPE$ERRORCLASS
  43EEA0 VMT$ERRORCLASS
  43EEEC TYPE$STANDARDERRORLOGCLASS
  43EF24 VMT$STANDARDERRORLOGCLASS
  43EF3C TYPE$ERRORSTATUSCLASS
  43F030 VMT$ERRORSTATUSCLASS
  43F048 TYPE$UNTHREADEDFILEOPENERMAP
  43F06C TCB$UNTHREADEDFILEOPENERMAP
  43F07C TYPE$FILESMANAGER
  43F0C0 VMT$FILESMANAGER
  43F0CC TYPE$FILEMAPPING_T
  43F0F8 TYPE$FILEMAPPING_R
  43F128 TYPE$STATUSQ_T
  43F198 TYPE$FUZZYCLASS
  43F240 VMT$FUZZYCLASS
  43F264 TYPE$TOOLBARTARGETQUEUE
  43F280 TYPE$TOOLBARCLASS
  43F298 VMT$TOOLBARCLASS
  43F3A4 TYPE$SELECTFILECLASS
  43F430 VMT$SELECTFILECLASS
  43F43C TYPE$INICLASS
  43F484 VMT$INICLASS
  43F524 TYPE$BUTTONLIST
  43F548 TYPE$COMPONENTLIST
  43F564 TYPE$CRITICALSECTION
  43F57C VMT$CRITICALSECTION
  43F588 TYPE$CRITICALPROCEDURE
  43F5A0 VMT$CRITICALPROCEDURE
  43F5B0 TYPE$NEXTTABSTOPCONTROLQUEUE
  43F5CC TYPE$ENTERBYTABCLASS
  43F610 VMT$ENTERBYTABCLASS
  43F624 TYPE$CONTROLTYPEQUEUE
  43F754 TYPE$ERSPAINTSTRUCT
  43F7D0 TYPE$CSSPLITIMAGECLASS
  43F870 VMT$CSSPLITIMAGECLASS
  43F92C TYPE$CSSPLITCLASS
  43FAF8 TYPE$CSRESIZECLASS
  43FD68 TYPE$CSRESIZEANDSPLITIMMCLASS
  43FDAC VMT$CSRESIZEANDSPLITIMMCLASS
  43FF00 $STPROFILE
  4416A4 TYPE$STRINGTHEORY
  4417B8 VMT$STRINGTHEORY
  443BE8 $OSDKODSMESSAGEPUMP
  443C0C TYPE$OSDKODSMESSAGEPUMP
  443C80 VMT$OSDKODSMESSAGEPUMP
  443C8C TYPE$DICTIONARY
  443C9C VMT$DICTIONARY
  443CA8 $UDB_SETTINGS
  443E0C TYPE$UDB_SETTINGS
  4442AC TYPE$ULTIMATEDEBUG
  444540 VMT$ULTIMATEDEBUG
  44488C VMTP$ENTERBYTABCLASS
  444894 VMTP$OSDKODSMESSAGEPUMP
  44489C VMTP$DICTIONARY
  4448F4 VMTP$FILESMANAGER
  4448FC VMTP$SELECTFILECLASS
  444904 VMTP$INICLASS
  44490C VMTP$TOOLBARCLASS
  444914 VMTP$HISTHANDLERCLASS
  44491C VMTP$MSGBOXCLASS
  444924 VMTP$ERRORCLASS
  44492C VMTP$STANDARDERRORLOGCLASS
  444934 VMTP$ERRORSTATUSCLASS
  44493C VMTP$FUZZYCLASS
  444944 VMTP$ULTIMATEDEBUG
  44494C VMTP$STRINGTHEORY
  444954 VMTP$CSSPLITIMAGECLASS
  44495C VMTP$CSRESIZEANDSPLITIMMCLASS
  444964 VMTP$CRITICALSECTION
  44496C VMTP$CRITICALPROCEDURE
  444980 $FUZZYMATCHER
  445FA4 $COLORMAP
  445FDC $MULTIWINDOW
  445FE0 $TXTWINDOW
  445FE4 $WINDOW
  445FE8 STDERRORFILE$RECORD
  4463E8 $UNTHREADEDFILEOPENERMAP
  4463F0 $CREATEOPENERCRIT
  446500 stNormalizeString
  446504 $HNORMALIZ
  446508 stInflateEnd
  44650C stInflate
  446510 stInflateInit2_
  446514 stDeflateEnd
  446518 stDeflate
  44651C stDeflateInit2_
  446520 $HZLIB
  446524 $VERSION
  446544 $WE::PROGRAMNAME
  446744 $GLOBALERRORS
  446778 $INIMGR
  446890 $WE::CANTCLOSENOW
  446894 $WE::MUSTCLOSE
  447110 $GLOBALERRORSTATUS
  448434 $GLOBALREQUEST
  448438 $GLOBALRESPONSE
  44843C $VCRREQUEST
  448440 $DICTIONARY
  448444 $FILESMANAGER
  44845C $SZDBTEXTLOG
  449000 __import_section_start
  44AE34 __import_section_end

Imports
ClaASC.dll:ASCII 4490A8
ClaRUN.dll:Cla$ACCEPTED 449408,401000
ClaRUN.dll:Cla$ADDqueue 44940C
ClaRUN.dll:Cla$ADDqueuekey 449410,401008
ClaRUN.dll:Cla$ADDqueueptr 449414
ClaRUN.dll:Cla$ASK 449418,401010
ClaRUN.dll:Cla$AssertFailed 44941C
ClaRUN.dll:Cla$AssertFailedM 449420
ClaRUN.dll:Cla$AssignLong2RefUfo 449424
ClaRUN.dll:Cla$AssignReal2RefUfo 449428
ClaRUN.dll:Cla$AssignRefUfo 44942C
ClaRUN.dll:Cla$BEEP 449430,401018
ClaRUN.dll:Cla$BLOB_GET_PROPERTY 449434
ClaRUN.dll:Cla$BLOB_SET_PROPERTY 449438
ClaRUN.dll:Cla$BLOB_TAKE 44943C
ClaRUN.dll:Cla$BLOB_YIELD 449440
ClaRUN.dll:Cla$BOX 449444,401020
ClaRUN.dll:Cla$CHOICE 449448,401028
ClaRUN.dll:Cla$CLEAR 44944C
ClaRUN.dll:Cla$CLEARqueue 449450
ClaRUN.dll:Cla$clearstr 449454
ClaRUN.dll:Cla$CLOCK 449458,401030
ClaRUN.dll:Cla$CLOSEwindow 44945C,401038
ClaRUN.dll:Cla$code 449460
ClaRUN.dll:Cla$COLORDIALOG 449464,401040
ClaRUN.dll:Cla$COMMAND 449468,401048
ClaRUN.dll:Cla$comparestr 44946C
ClaRUN.dll:Cla$CREATE 449470
ClaRUN.dll:Cla$DecAdd 449474
ClaRUN.dll:Cla$DecDistinct 449478
ClaRUN.dll:Cla$DecDistinctR 44947C
ClaRUN.dll:Cla$DecDivide 449480
ClaRUN.dll:Cla$DecMul 449484
ClaRUN.dll:Cla$DecSub 449488
ClaRUN.dll:Cla$DecSubR 44948C
ClaRUN.dll:Cla$DeepAssign 449490
ClaRUN.dll:Cla$DELETEqueue 449494,401050
ClaRUN.dll:Cla$DELETEREG 449498,401058
ClaRUN.dll:Cla$DESTROY 44949C,401060
ClaRUN.dll:Cla$DInt 4494A0
ClaRUN.dll:Cla$DISABLE 4494A4,401068
ClaRUN.dll:Cla$DISPLAY 4494A8,401070
ClaRUN.dll:Cla$DISPOSEqueue 4494AC
ClaRUN.dll:Cla$DISPOSEref 4494B0
ClaRUN.dll:Cla$Dlongpower 4494B4
ClaRUN.dll:Cla$DPopDec 4494B8
ClaRUN.dll:Cla$DPopLong 4494BC
ClaRUN.dll:Cla$DPopReal 4494C0
ClaRUN.dll:Cla$DPopUlong 4494C4
ClaRUN.dll:Cla$DPushConstant 4494C8
ClaRUN.dll:Cla$DPushLong 4494CC
ClaRUN.dll:Cla$DPushReal 4494D0
ClaRUN.dll:Cla$DPushULong 4494D4
ClaRUN.dll:Cla$DRound 4494D8
ClaRUN.dll:Cla$DStack2Stack 4494DC
ClaRUN.dll:Cla$duplicate 4494E0
ClaRUN.dll:Cla$ENABLE 4494E4,401078
ClaRUN.dll:Cla$EndEventLoop 4494E8
ClaRUN.dll:Cla$ERRORCODE 4494EC,401080
ClaRUN.dll:Cla$EVENT 4494F0,401088
ClaRUN.dll:Cla$FIELD 4494F4,401090
ClaRUN.dll:Cla$FILEDIALOG 4494F8,401098
ClaRUN.dll:Cla$FILEERRORCODE 4494FC,4010A0
ClaRUN.dll:Cla$FILEERRORMSG 449500,4010A8
ClaRUN.dll:Cla$FileExists 449504,4010B0
ClaRUN.dll:Cla$FILE_ADDf 449508
ClaRUN.dll:Cla$FILE_CLOSE 44950C,4010B8
ClaRUN.dll:Cla$FILE_CREATE 449510
ClaRUN.dll:CLA$FILE_DESTROY 449514
ClaRUN.dll:Cla$FILE_GET_PROPERTY 449518
ClaRUN.dll:Cla$FILE_NAME 44951C,4010C0
ClaRUN.dll:Cla$FILE_OPEN 449520,4010C8
ClaRUN.dll:Cla$FILE_POSITIONf 449524,4010D0
ClaRUN.dll:Cla$FILE_POSITIONk 449528,4010D8
ClaRUN.dll:Cla$FILE_REGETf 44952C,4010E0
ClaRUN.dll:Cla$FILE_REGETk 449530,4010E8
ClaRUN.dll:Cla$FIRSTFIELD 449534,4010F0
ClaRUN.dll:Cla$FOCUS 449538,4010F8
ClaRUN.dll:Cla$FREEqueue 44953C
ClaRUN.dll:Cla$FREEqueuea 449540,401100
ClaRUN.dll:Cla$freestr 449544
ClaRUN.dll:Cla$FreeUfo 449548
ClaRUN.dll:Cla$freewindow 44954C
ClaRUN.dll:Cla$GETINI 449550,401108
ClaRUN.dll:Cla$GETPOSITION 449554,401110
ClaRUN.dll:Cla$GetPropS 449558
ClaRUN.dll:Cla$GETqueuekey 44955C,401118
ClaRUN.dll:Cla$GETqueueptr 449560
ClaRUN.dll:Cla$GETREG 449564,401120
ClaRUN.dll:Cla$Group2Ufo 449568
ClaRUN.dll:Cla$HALT 44956C,401128
ClaRUN.dll:Cla$HIDE 449570,401130
ClaRUN.dll:Cla$init 449574
ClaRUN.dll:Cla$INSTANCE 449578,401138
ClaRUN.dll:Cla$IsAlpha 44957C,401140
ClaRUN.dll:Cla$isftoupper 449580,401148
ClaRUN.dll:Cla$ISGROUPqueue 449584,401150
ClaRUN.dll:Cla$KEYBOARD 449588,401158
ClaRUN.dll:Cla$KEYCODE 44958C,401160
ClaRUN.dll:Cla$LASTFIELD 449590,401168
ClaRUN.dll:Cla$LINE 449594,401170
ClaRUN.dll:Cla$longtostr 449598
ClaRUN.dll:Cla$Mem2Ufo 44959C
ClaRUN.dll:Cla$MessageBox 4495A0,401178
ClaRUN.dll:Cla$modulus 4495A4
ClaRUN.dll:Cla$NewMemB 4495A8
ClaRUN.dll:Cla$NewMemT 4495AC
ClaRUN.dll:Cla$NewMemZ 4495B0
ClaRUN.dll:Cla$NEWqueue 4495B4
ClaRUN.dll:Cla$NOTIFICATION 4495B8,401180
ClaRUN.dll:Cla$OPENowned 4495BC,401188
ClaRUN.dll:Cla$OPENwindow 4495C0,401190
ClaRUN.dll:Cla$PEEK 4495C4
ClaRUN.dll:Cla$POINTERqueue 4495C8,401198
ClaRUN.dll:Cla$PopAString 4495CC
ClaRUN.dll:Cla$PopBind 4495D0,4011A0
ClaRUN.dll:Cla$PopCString 4495D4
ClaRUN.dll:Cla$PopPString 4495D8
ClaRUN.dll:Cla$PopReal 4495DC
ClaRUN.dll:Cla$PopString 4495E0
ClaRUN.dll:Cla$PopTemp 4495E4
ClaRUN.dll:Cla$POST 4495E8,4011A8
ClaRUN.dll:Cla$PRESSKEY 4495EC,4011B0
ClaRUN.dll:Cla$PushAString 4495F0
ClaRUN.dll:Cla$PushBind 4495F4,4011B8
ClaRUN.dll:Cla$PushCString 4495F8
ClaRUN.dll:Cla$PushLong 4495FC
ClaRUN.dll:Cla$PushPictDec 449600
ClaRUN.dll:Cla$PushPictLong 449604
ClaRUN.dll:Cla$PushReal 449608
ClaRUN.dll:Cla$PushString 44960C
ClaRUN.dll:Cla$PushTemp 449610
ClaRUN.dll:Cla$PushUfo 449614
ClaRUN.dll:Cla$PUTINI 449618,4011C0
ClaRUN.dll:Cla$PUTqueue 44961C
ClaRUN.dll:Cla$PUTREG 449620,4011C8
ClaRUN.dll:Cla$pwopen 449624,4011D0
ClaRUN.dll:Cla$RANDOM 449628,4011D8
ClaRUN.dll:Cla$realdistinct 44962C
ClaRUN.dll:Cla$RECORDSqueue 449630,4011E0
ClaRUN.dll:Cla$RefAssignAny 449634
ClaRUN.dll:Cla$rterr 449638,4011E8
ClaRUN.dll:Cla$SELECT 44963C,4011F0
ClaRUN.dll:Cla$SETCLIPBOARD 449640,4011F8
ClaRUN.dll:Cla$SETCURSOR 449644,401200
ClaRUN.dll:Cla$SETKEYCODE 449648,401208
ClaRUN.dll:Cla$SETPATH 44964C,401210
ClaRUN.dll:Cla$SETPENCOLOR 449650,401218
ClaRUN.dll:Cla$SETPOSITION 449654,401220
ClaRUN.dll:Cla$SetPropF 449658
ClaRUN.dll:Cla$SetPropQ 44965C
ClaRUN.dll:Cla$SetPropS 449660
ClaRUN.dll:Cla$SetPropV 449664
ClaRUN.dll:Cla$SETTARGET 449668,401228
ClaRUN.dll:Cla$SHORTPATH 44966C,401230
ClaRUN.dll:Cla$SizeUfo 449670
ClaRUN.dll:Cla$SORTqueuefkey 449674
ClaRUN.dll:Cla$SORTqueuekey 449678,401238
ClaRUN.dll:Cla$Stack2DStack 44967C
ClaRUN.dll:Cla$Stack2Ufo 449680
ClaRUN.dll:Cla$StackALL 449684,401240
ClaRUN.dll:Cla$StackCLIP 449688,401248
ClaRUN.dll:Cla$StackCompare 44968C
ClaRUN.dll:Cla$StackCompareN 449690
ClaRUN.dll:Cla$StackCompareNEQ 449694
ClaRUN.dll:Cla$StackCompareR 449698
ClaRUN.dll:Cla$StackConcat 44969C
ClaRUN.dll:Cla$StackConcatR 4496A0
ClaRUN.dll:Cla$StackCONTENTS 4496A4,401250
ClaRUN.dll:Cla$StackErrstr 4496A8,401258
ClaRUN.dll:Cla$StackFORMAT2 4496AC
ClaRUN.dll:Cla$StackHeap 4496B0
ClaRUN.dll:Cla$StackINSTRING 4496B4,401260
ClaRUN.dll:Cla$StackLEFT 4496B8,401268
ClaRUN.dll:Cla$StackLen 4496BC,401270
ClaRUN.dll:Cla$StackLOWER 4496C0,401278
ClaRUN.dll:Cla$StackNUMERIC 4496C4,401280
ClaRUN.dll:Cla$StackRIGHT 4496C8,401288
ClaRUN.dll:Cla$StackRotate 4496CC
ClaRUN.dll:Cla$StackSUB 4496D0,401290
ClaRUN.dll:Cla$StackUPPER 4496D4,401298
ClaRUN.dll:Cla$StackVAL 4496D8
ClaRUN.dll:Cla$START1 4496DC,4012A0
ClaRUN.dll:Cla$StartEventLoop 4496E0
ClaRUN.dll:Cla$storecstr 4496E4
ClaRUN.dll:Cla$storestr 4496E8
ClaRUN.dll:Cla$String2Ref 4496EC
ClaRUN.dll:Cla$THREAD 4496F0,4012A8
ClaRUN.dll:Cla$THREAD_FILE 4496F4
ClaRUN.dll:Cla$TODAY 4496F8,4012B0
ClaRUN.dll:Cla$Ufo2Real 4496FC
ClaRUN.dll:Cla$UfoCompareN 449700
ClaRUN.dll:Cla$Ufodistinct 449704
ClaRUN.dll:Cla$UNHIDE 449708,4012B8
ClaRUN.dll:Cla$UNREGISTEREVENT 44970C,4012C0
ClaRUN.dll:Cla$WHAT 449710,4012C8
ClaRUN.dll:Cla$WHATqueue 449714,4012D0
ClaRUN.dll:Cla$WHOqueue 449718,4012D8
ClaRUN.dll:Cla$YIELD 44971C,4012E0
ClaRUN.dll:NewCriticalSection 449720,4012E8
ClaRUN.dll:THR$GetInstance 449724,4012F0
ClaRUN.dll:WslDebug$NameMessage 449728,4012F8
ClaRUN.dll:_exit 44972C,401300
ClaRUN.dll:_free 449730
ClaRUN.dll:_malloc 449734
ClaRUN.dll:_memchr 449738,401308
ClaRUN.dll:_memcmp 44973C,401310
ClaRUN.dll:_memcpy 449740,401318
ClaRUN.dll:_memset 449744,401320
ClaRUN.dll:__a_chkstk 449748,401328
ClaRUN.dll:__e_index 44974C,401330
ClaRUN.dll:__e_stack 449750,401338
ClaRUN.dll:__sysinit 449754,401340
ClaRUN.dll:__sysstart 449758,401348
CLAWE:ds_GetFileVersionInfo 449784,401350
CLAWE:ds_SetEndSessionHandler 449788,401358
CLAWE:ds_SetOkToEndSessionHandler 44978C,401360
CLAWE:ds_VisibleOnDesktop 449790,401368
CLAWE:WinAlert 449794,401370
CLAWE:WinAlertMouseZoom 449798,401378
CLAWE:WinNotOnTop 44979C,401380
CLAWE:WinOnTop 4497A0,401388
GDI32.dll:BitBlt 4497B0,401390
KERNEL32.dll:CloseHandle 449820,401398
KERNEL32.dll:CreateEventA 449824,4013A0
KERNEL32.dll:CreateFileA 449828,4013A8
KERNEL32.dll:CreateFileMappingA 44982C,4013B0
KERNEL32.dll:FlushInstructionCache 449830,4013B8
KERNEL32.dll:FormatMessageA 449834,4013C0
KERNEL32.dll:GetCurrentProcess 449838,4013C8
KERNEL32.dll:GetFileSize 44983C,4013D0
KERNEL32.dll:GetLastError 449840,4013D8
KERNEL32.dll:GetLocalTime 449844,4013E0
KERNEL32.dll:GetProcAddress 449848,4013E8
KERNEL32.dll:GetProcessHeap 44984C,4013F0
KERNEL32.dll:HeapAlloc 449850,4013F8
KERNEL32.dll:HeapFree 449854,401400
KERNEL32.dll:LoadLibraryA 449858,401408
KERNEL32.dll:MapViewOfFile 44985C,401410
KERNEL32.dll:MultiByteToWideChar 449860,401418
KERNEL32.dll:OpenProcess 449864,401420
KERNEL32.dll:OutputDebugStringA 449868,401428
KERNEL32.dll:ReadFile 44986C,401430
KERNEL32.dll:SetEvent 449870,401438
KERNEL32.dll:SetFilePointer 449874,401440
KERNEL32.dll:WaitForSingleObject 449878,401448
KERNEL32.dll:WideCharToMultiByte 44987C,401450
KERNEL32.dll:WriteFile 449880,401458
PSAPI.DLL:GetModuleFileNameExA 449890,401460
USER32.dll:CallWindowProcA 4498E0,401468
USER32.dll:GetClientRect 4498E4,401470
USER32.dll:GetDC 4498E8,401478
USER32.dll:GetParent 4498EC,401480
USER32.dll:GetSysColor 4498F0,401488
USER32.dll:GetWindowLongA 4498F4,401490
USER32.dll:GetWindowRect 4498F8,401498
USER32.dll:IsWindow 4498FC,4014A0
USER32.dll:IsWindowVisible 449900,4014A8
USER32.dll:keybd_event 449904,4014B0
USER32.dll:RedrawWindow 449908,4014B8
USER32.dll:ReleaseCapture 44990C,4014C0
USER32.dll:ReleaseDC 449910,4014C8
USER32.dll:ScreenToClient 449914,4014D0
USER32.dll:SetCapture 449918,4014D8
USER32.dll:SetWindowLongA 44991C,4014E0
USER32.dll:SetWindowPos 449920,4014E8



Entry Point:   40A984